[0.324s] Invoking command in '/home/zhany/ROS/test_ws/build/temp_monitor_interfaces': CMAKE_PREFIX_PATH=${CMAKE_PREFIX_PATH}:/home/zhany/ROS/test_ws/install/temp_monitor:/home/zhany/ROS/test_ws/install/static_tf:/opt/ros/lyrical DEBUGINFOD_URLS=https://debuginfod.ubuntu.com /usr/bin/cmake --build /home/zhany/ROS/test_ws/build/temp_monitor_interfaces -- -j32 -l32
[0.375s] [  2%] Built target temp_monitor_interfaces__rs
[0.375s] [  5%] Built target temp_monitor_interfaces__rosidl_generator_type_description
[0.393s] [  8%] Built target temp_monitor_interfaces__cpp
[0.396s] [ 22%] Built target temp_monitor_interfaces__rosidl_generator_c
[0.419s] [ 57%] Built target temp_monitor_interfaces__rosidl_typesupport_introspection_c
[0.419s] [ 57%] Built target temp_monitor_interfaces__rosidl_typesupport_introspection_cpp
[0.419s] [ 57%] Built target temp_monitor_interfaces__rosidl_typesupport_c
[0.419s] [ 57%] Built target temp_monitor_interfaces__rosidl_typesupport_cpp
[0.421s] [ 74%] Built target temp_monitor_interfaces__rosidl_typesupport_fastrtps_c
[0.421s] [ 74%] Built target temp_monitor_interfaces__rosidl_typesupport_fastrtps_cpp
[0.437s] [ 74%] Built target temp_monitor_interfaces
[0.451s] [ 77%] Built target temp_monitor_interfaces__py
[0.468s] [ 82%] Built target temp_monitor_interfaces__rosidl_generator_py
[0.474s] [ 82%] Built target ament_cmake_python_sync_temp_monitor_interfaces
[0.486s] [ 94%] Built target temp_monitor_interfaces_s__rosidl_typesupport_introspection_c
[0.486s] [ 94%] Built target temp_monitor_interfaces_s__rosidl_typesupport_fastrtps_c
[0.487s] [100%] Built target temp_monitor_interfaces_s__rosidl_typesupport_c
[0.599s] running egg_info
[0.608s] writing temp_monitor_interfaces.egg-info/PKG-INFO
[0.609s] writing dependency_links to temp_monitor_interfaces.egg-info/dependency_links.txt
[0.609s] writing top-level names to temp_monitor_interfaces.egg-info/top_level.txt
[0.638s] reading manifest file 'temp_monitor_interfaces.egg-info/SOURCES.txt'
[0.638s] writing manifest file 'temp_monitor_interfaces.egg-info/SOURCES.txt'
[0.662s] [100%] Built target ament_cmake_python_build_temp_monitor_interfaces_egg
[0.672s] Invoked command in '/home/zhany/ROS/test_ws/build/temp_monitor_interfaces' returned '0': CMAKE_PREFIX_PATH=${CMAKE_PREFIX_PATH}:/home/zhany/ROS/test_ws/install/temp_monitor:/home/zhany/ROS/test_ws/install/static_tf:/opt/ros/lyrical DEBUGINFOD_URLS=https://debuginfod.ubuntu.com /usr/bin/cmake --build /home/zhany/ROS/test_ws/build/temp_monitor_interfaces -- -j32 -l32
[0.679s] Invoking command in '/home/zhany/ROS/test_ws/build/temp_monitor_interfaces': CMAKE_PREFIX_PATH=${CMAKE_PREFIX_PATH}:/home/zhany/ROS/test_ws/install/temp_monitor:/home/zhany/ROS/test_ws/install/static_tf:/opt/ros/lyrical DEBUGINFOD_URLS=https://debuginfod.ubuntu.com /usr/bin/cmake --install /home/zhany/ROS/test_ws/build/temp_monitor_interfaces
[0.686s] -- Install configuration: ""
[0.686s] -- Up-to-date: /home/zhany/ROS/test_ws/install/temp_monitor_interfaces/share/ament_index/resource_index/rosidl_interfaces/temp_monitor_interfaces
[0.686s] -- Up-to-date: /home/zhany/ROS/test_ws/install/temp_monitor_interfaces/share/temp_monitor_interfaces/srv/Search.json
[0.686s] -- Up-to-date: /home/zhany/ROS/test_ws/install/temp_monitor_interfaces/include/temp_monitor_interfaces/temp_monitor_interfaces
[0.686s] -- Up-to-date: /home/zhany/ROS/test_ws/install/temp_monitor_interfaces/include/temp_monitor_interfaces/temp_monitor_interfaces/srv
[0.686s] -- Up-to-date: /home/zhany/ROS/test_ws/install/temp_monitor_interfaces/include/temp_monitor_interfaces/temp_monitor_interfaces/srv/detail
[0.686s] -- Up-to-date: /home/zhany/ROS/test_ws/install/temp_monitor_interfaces/include/temp_monitor_interfaces/temp_monitor_interfaces/srv/detail/search__functions.h
[0.686s] -- Up-to-date: /home/zhany/ROS/test_ws/install/temp_monitor_interfaces/include/temp_monitor_interfaces/temp_monitor_interfaces/srv/detail/search__description.c
[0.686s] -- Up-to-date: /home/zhany/ROS/test_ws/install/temp_monitor_interfaces/include/temp_monitor_interfaces/temp_monitor_interfaces/srv/detail/search__type_support.h
[0.686s] -- Up-to-date: /home/zhany/ROS/test_ws/install/temp_monitor_interfaces/include/temp_monitor_interfaces/temp_monitor_interfaces/srv/detail/search__functions.c
[0.686s] -- Up-to-date: /home/zhany/ROS/test_ws/install/temp_monitor_interfaces/include/temp_monitor_interfaces/temp_monitor_interfaces/srv/detail/search__type_support.c
[0.686s] -- Up-to-date: /home/zhany/ROS/test_ws/install/temp_monitor_interfaces/include/temp_monitor_interfaces/temp_monitor_interfaces/srv/detail/search__struct.h
[0.686s] -- Up-to-date: /home/zhany/ROS/test_ws/install/temp_monitor_interfaces/include/temp_monitor_interfaces/temp_monitor_interfaces/srv/search.h
[0.686s] -- Up-to-date: /home/zhany/ROS/test_ws/install/temp_monitor_interfaces/include/temp_monitor_interfaces/temp_monitor_interfaces/msg
[0.686s] -- Up-to-date: /home/zhany/ROS/test_ws/install/temp_monitor_interfaces/include/temp_monitor_interfaces/temp_monitor_interfaces/msg/rosidl_generator_c__visibility_control.h
[0.686s] -- Up-to-date: /home/zhany/ROS/test_ws/install/temp_monitor_interfaces/share/temp_monitor_interfaces/environment/library_path.sh
[0.686s] -- Up-to-date: /home/zhany/ROS/test_ws/install/temp_monitor_interfaces/share/temp_monitor_interfaces/environment/library_path.dsv
[0.686s] -- Up-to-date: /home/zhany/ROS/test_ws/install/temp_monitor_interfaces/lib/libtemp_monitor_interfaces__rosidl_generator_c.so
[0.687s] -- Up-to-date: /home/zhany/ROS/test_ws/install/temp_monitor_interfaces/include/temp_monitor_interfaces/temp_monitor_interfaces
[0.687s] -- Up-to-date: /home/zhany/ROS/test_ws/install/temp_monitor_interfaces/include/temp_monitor_interfaces/temp_monitor_interfaces/srv
[0.687s] -- Up-to-date: /home/zhany/ROS/test_ws/install/temp_monitor_interfaces/include/temp_monitor_interfaces/temp_monitor_interfaces/srv/detail
[0.687s] -- Up-to-date: /home/zhany/ROS/test_ws/install/temp_monitor_interfaces/include/temp_monitor_interfaces/temp_monitor_interfaces/srv/detail/search__rosidl_typesupport_fastrtps_c.h
[0.687s] -- Up-to-date: /home/zhany/ROS/test_ws/install/temp_monitor_interfaces/include/temp_monitor_interfaces/temp_monitor_interfaces/msg
[0.687s] -- Up-to-date: /home/zhany/ROS/test_ws/install/temp_monitor_interfaces/include/temp_monitor_interfaces/temp_monitor_interfaces/msg/rosidl_typesupport_fastrtps_c__visibility_control.h
[0.687s] -- Up-to-date: /home/zhany/ROS/test_ws/install/temp_monitor_interfaces/lib/libtemp_monitor_interfaces__rosidl_typesupport_fastrtps_c.so
[0.687s] -- Up-to-date: /home/zhany/ROS/test_ws/install/temp_monitor_interfaces/include/temp_monitor_interfaces/temp_monitor_interfaces
[0.687s] -- Up-to-date: /home/zhany/ROS/test_ws/install/temp_monitor_interfaces/include/temp_monitor_interfaces/temp_monitor_interfaces/srv
[0.687s] -- Up-to-date: /home/zhany/ROS/test_ws/install/temp_monitor_interfaces/include/temp_monitor_interfaces/temp_monitor_interfaces/srv/detail
[0.687s] -- Up-to-date: /home/zhany/ROS/test_ws/install/temp_monitor_interfaces/include/temp_monitor_interfaces/temp_monitor_interfaces/srv/detail/search__rosidl_typesupport_introspection_c.h
[0.687s] -- Up-to-date: /home/zhany/ROS/test_ws/install/temp_monitor_interfaces/include/temp_monitor_interfaces/temp_monitor_interfaces/srv/detail/search__type_support.c
[0.687s] -- Up-to-date: /home/zhany/ROS/test_ws/install/temp_monitor_interfaces/include/temp_monitor_interfaces/temp_monitor_interfaces/msg
[0.687s] -- Up-to-date: /home/zhany/ROS/test_ws/install/temp_monitor_interfaces/include/temp_monitor_interfaces/temp_monitor_interfaces/msg/rosidl_typesupport_introspection_c__visibility_control.h
[0.687s] -- Up-to-date: /home/zhany/ROS/test_ws/install/temp_monitor_interfaces/lib/libtemp_monitor_interfaces__rosidl_typesupport_introspection_c.so
[0.687s] -- Up-to-date: /home/zhany/ROS/test_ws/install/temp_monitor_interfaces/lib/libtemp_monitor_interfaces__rosidl_typesupport_c.so
[0.687s] -- Up-to-date: /home/zhany/ROS/test_ws/install/temp_monitor_interfaces/include/temp_monitor_interfaces/temp_monitor_interfaces
[0.687s] -- Up-to-date: /home/zhany/ROS/test_ws/install/temp_monitor_interfaces/include/temp_monitor_interfaces/temp_monitor_interfaces/srv
[0.688s] -- Up-to-date: /home/zhany/ROS/test_ws/install/temp_monitor_interfaces/include/temp_monitor_interfaces/temp_monitor_interfaces/srv/detail
[0.688s] -- Up-to-date: /home/zhany/ROS/test_ws/install/temp_monitor_interfaces/include/temp_monitor_interfaces/temp_monitor_interfaces/srv/detail/search__type_support.hpp
[0.688s] -- Up-to-date: /home/zhany/ROS/test_ws/install/temp_monitor_interfaces/include/temp_monitor_interfaces/temp_monitor_interfaces/srv/detail/search__struct.hpp
[0.688s] -- Up-to-date: /home/zhany/ROS/test_ws/install/temp_monitor_interfaces/include/temp_monitor_interfaces/temp_monitor_interfaces/srv/detail/search__builder.hpp
[0.688s] -- Up-to-date: /home/zhany/ROS/test_ws/install/temp_monitor_interfaces/include/temp_monitor_interfaces/temp_monitor_interfaces/srv/detail/search__traits.hpp
[0.688s] -- Up-to-date: /home/zhany/ROS/test_ws/install/temp_monitor_interfaces/include/temp_monitor_interfaces/temp_monitor_interfaces/srv/search.hpp
[0.688s] -- Up-to-date: /home/zhany/ROS/test_ws/install/temp_monitor_interfaces/include/temp_monitor_interfaces/temp_monitor_interfaces/msg
[0.688s] -- Up-to-date: /home/zhany/ROS/test_ws/install/temp_monitor_interfaces/include/temp_monitor_interfaces/temp_monitor_interfaces/msg/rosidl_generator_cpp__visibility_control.hpp
[0.688s] -- Up-to-date: /home/zhany/ROS/test_ws/install/temp_monitor_interfaces/include/temp_monitor_interfaces/temp_monitor_interfaces
[0.688s] -- Up-to-date: /home/zhany/ROS/test_ws/install/temp_monitor_interfaces/include/temp_monitor_interfaces/temp_monitor_interfaces/srv
[0.688s] -- Up-to-date: /home/zhany/ROS/test_ws/install/temp_monitor_interfaces/include/temp_monitor_interfaces/temp_monitor_interfaces/srv/detail
[0.688s] -- Up-to-date: /home/zhany/ROS/test_ws/install/temp_monitor_interfaces/include/temp_monitor_interfaces/temp_monitor_interfaces/srv/detail/search__rosidl_typesupport_fastrtps_cpp.hpp
[0.688s] -- Up-to-date: /home/zhany/ROS/test_ws/install/temp_monitor_interfaces/include/temp_monitor_interfaces/temp_monitor_interfaces/srv/detail/dds_fastrtps
[0.688s] -- Up-to-date: /home/zhany/ROS/test_ws/install/temp_monitor_interfaces/include/temp_monitor_interfaces/temp_monitor_interfaces/msg
[0.688s] -- Up-to-date: /home/zhany/ROS/test_ws/install/temp_monitor_interfaces/include/temp_monitor_interfaces/temp_monitor_interfaces/msg/rosidl_typesupport_fastrtps_cpp__visibility_control.h
[0.688s] -- Up-to-date: /home/zhany/ROS/test_ws/install/temp_monitor_interfaces/lib/libtemp_monitor_interfaces__rosidl_typesupport_fastrtps_cpp.so
[0.688s] -- Up-to-date: /home/zhany/ROS/test_ws/install/temp_monitor_interfaces/include/temp_monitor_interfaces/temp_monitor_interfaces
[0.688s] -- Up-to-date: /home/zhany/ROS/test_ws/install/temp_monitor_interfaces/include/temp_monitor_interfaces/temp_monitor_interfaces/srv
[0.688s] -- Up-to-date: /home/zhany/ROS/test_ws/install/temp_monitor_interfaces/include/temp_monitor_interfaces/temp_monitor_interfaces/srv/detail
[0.688s] -- Up-to-date: /home/zhany/ROS/test_ws/install/temp_monitor_interfaces/include/temp_monitor_interfaces/temp_monitor_interfaces/srv/detail/search__type_support.cpp
[0.688s] -- Up-to-date: /home/zhany/ROS/test_ws/install/temp_monitor_interfaces/include/temp_monitor_interfaces/temp_monitor_interfaces/srv/detail/search__rosidl_typesupport_introspection_cpp.hpp
[0.688s] -- Up-to-date: /home/zhany/ROS/test_ws/install/temp_monitor_interfaces/lib/libtemp_monitor_interfaces__rosidl_typesupport_introspection_cpp.so
[0.689s] -- Up-to-date: /home/zhany/ROS/test_ws/install/temp_monitor_interfaces/lib/libtemp_monitor_interfaces__rosidl_typesupport_cpp.so
[0.689s] -- Up-to-date: /home/zhany/ROS/test_ws/install/temp_monitor_interfaces/share/temp_monitor_interfaces/environment/pythonpath.sh
[0.689s] -- Up-to-date: /home/zhany/ROS/test_ws/install/temp_monitor_interfaces/share/temp_monitor_interfaces/environment/pythonpath.dsv
[0.689s] -- Up-to-date: /home/zhany/ROS/test_ws/install/temp_monitor_interfaces/lib/python3.14/site-packages/temp_monitor_interfaces/temp_monitor_interfaces_s__rosidl_typesupport_fastrtps_c.so
[0.689s] -- Up-to-date: /home/zhany/ROS/test_ws/install/temp_monitor_interfaces/lib/python3.14/site-packages/temp_monitor_interfaces/temp_monitor_interfaces_s__rosidl_typesupport_introspection_c.so
[0.689s] -- Up-to-date: /home/zhany/ROS/test_ws/install/temp_monitor_interfaces/lib/python3.14/site-packages/temp_monitor_interfaces/temp_monitor_interfaces_s__rosidl_typesupport_c.so
[0.690s] -- Up-to-date: /home/zhany/ROS/test_ws/install/temp_monitor_interfaces/lib/libtemp_monitor_interfaces__rosidl_generator_py.so
[0.690s] -- Up-to-date: /home/zhany/ROS/test_ws/install/temp_monitor_interfaces/share/ament_index/resource_index/rust_packages/temp_monitor_interfaces
[0.690s] -- Up-to-date: /home/zhany/ROS/test_ws/install/temp_monitor_interfaces/share/temp_monitor_interfaces/rust
[0.690s] -- Up-to-date: /home/zhany/ROS/test_ws/install/temp_monitor_interfaces/share/temp_monitor_interfaces/rust/Cargo.toml
[0.690s] -- Up-to-date: /home/zhany/ROS/test_ws/install/temp_monitor_interfaces/share/temp_monitor_interfaces/rust/build.rs
[0.690s] -- Up-to-date: /home/zhany/ROS/test_ws/install/temp_monitor_interfaces/share/temp_monitor_interfaces/rust/src
[0.690s] -- Up-to-date: /home/zhany/ROS/test_ws/install/temp_monitor_interfaces/share/temp_monitor_interfaces/rust/src/srv.rs
[0.690s] -- Up-to-date: /home/zhany/ROS/test_ws/install/temp_monitor_interfaces/share/temp_monitor_interfaces/rust/src/srv
[0.690s] -- Up-to-date: /home/zhany/ROS/test_ws/install/temp_monitor_interfaces/share/temp_monitor_interfaces/rust/src/srv/rmw.rs
[0.690s] -- Up-to-date: /home/zhany/ROS/test_ws/install/temp_monitor_interfaces/share/temp_monitor_interfaces/rust/src/lib.rs
[0.690s] -- Up-to-date: /home/zhany/ROS/test_ws/install/temp_monitor_interfaces/share/temp_monitor_interfaces/srv/Search.idl
[0.690s] -- Up-to-date: /home/zhany/ROS/test_ws/install/temp_monitor_interfaces/share/temp_monitor_interfaces/srv/Search.srv
[0.690s] -- Up-to-date: /home/zhany/ROS/test_ws/install/temp_monitor_interfaces/share/ament_index/resource_index/package_run_dependencies/temp_monitor_interfaces
[0.690s] -- Up-to-date: /home/zhany/ROS/test_ws/install/temp_monitor_interfaces/share/ament_index/resource_index/parent_prefix_path/temp_monitor_interfaces
[0.690s] -- Up-to-date: /home/zhany/ROS/test_ws/install/temp_monitor_interfaces/share/temp_monitor_interfaces/environment/ament_prefix_path.sh
[0.690s] -- Up-to-date: /home/zhany/ROS/test_ws/install/temp_monitor_interfaces/share/temp_monitor_interfaces/environment/ament_prefix_path.dsv
[0.690s] -- Up-to-date: /home/zhany/ROS/test_ws/install/temp_monitor_interfaces/share/temp_monitor_interfaces/environment/path.sh
[0.690s] -- Up-to-date: /home/zhany/ROS/test_ws/install/temp_monitor_interfaces/share/temp_monitor_interfaces/environment/path.dsv
[0.690s] -- Up-to-date: /home/zhany/ROS/test_ws/install/temp_monitor_interfaces/share/temp_monitor_interfaces/local_setup.bash
[0.690s] -- Up-to-date: /home/zhany/ROS/test_ws/install/temp_monitor_interfaces/share/temp_monitor_interfaces/local_setup.fish
[0.691s] -- Up-to-date: /home/zhany/ROS/test_ws/install/temp_monitor_interfaces/share/temp_monitor_interfaces/local_setup.sh
[0.691s] -- Up-to-date: /home/zhany/ROS/test_ws/install/temp_monitor_interfaces/share/temp_monitor_interfaces/local_setup.zsh
[0.691s] -- Up-to-date: /home/zhany/ROS/test_ws/install/temp_monitor_interfaces/share/temp_monitor_interfaces/local_setup.dsv
[0.691s] -- Installing: /home/zhany/ROS/test_ws/install/temp_monitor_interfaces/share/temp_monitor_interfaces/package.dsv
[0.691s] -- Up-to-date: /home/zhany/ROS/test_ws/install/temp_monitor_interfaces/share/ament_index/resource_index/packages/temp_monitor_interfaces
[0.691s] -- Up-to-date: /home/zhany/ROS/test_ws/install/temp_monitor_interfaces/share/temp_monitor_interfaces/cmake/export_temp_monitor_interfaces__rosidl_generator_cExport.cmake
[0.691s] -- Up-to-date: /home/zhany/ROS/test_ws/install/temp_monitor_interfaces/share/temp_monitor_interfaces/cmake/export_temp_monitor_interfaces__rosidl_generator_cExport-noconfig.cmake
[0.691s] -- Up-to-date: /home/zhany/ROS/test_ws/install/temp_monitor_interfaces/share/temp_monitor_interfaces/cmake/export_temp_monitor_interfaces__rosidl_typesupport_fastrtps_cExport.cmake
[0.691s] -- Up-to-date: /home/zhany/ROS/test_ws/install/temp_monitor_interfaces/share/temp_monitor_interfaces/cmake/export_temp_monitor_interfaces__rosidl_typesupport_fastrtps_cExport-noconfig.cmake
[0.691s] -- Up-to-date: /home/zhany/ROS/test_ws/install/temp_monitor_interfaces/share/temp_monitor_interfaces/cmake/temp_monitor_interfaces__rosidl_typesupport_introspection_cExport.cmake
[0.691s] -- Up-to-date: /home/zhany/ROS/test_ws/install/temp_monitor_interfaces/share/temp_monitor_interfaces/cmake/temp_monitor_interfaces__rosidl_typesupport_introspection_cExport-noconfig.cmake
[0.691s] -- Up-to-date: /home/zhany/ROS/test_ws/install/temp_monitor_interfaces/share/temp_monitor_interfaces/cmake/temp_monitor_interfaces__rosidl_typesupport_cExport.cmake
[0.691s] -- Up-to-date: /home/zhany/ROS/test_ws/install/temp_monitor_interfaces/share/temp_monitor_interfaces/cmake/temp_monitor_interfaces__rosidl_typesupport_cExport-noconfig.cmake
[0.691s] -- Up-to-date: /home/zhany/ROS/test_ws/install/temp_monitor_interfaces/share/temp_monitor_interfaces/cmake/export_temp_monitor_interfaces__rosidl_generator_cppExport.cmake
[0.691s] -- Up-to-date: /home/zhany/ROS/test_ws/install/temp_monitor_interfaces/share/temp_monitor_interfaces/cmake/export_temp_monitor_interfaces__rosidl_typesupport_fastrtps_cppExport.cmake
[0.691s] -- Up-to-date: /home/zhany/ROS/test_ws/install/temp_monitor_interfaces/share/temp_monitor_interfaces/cmake/export_temp_monitor_interfaces__rosidl_typesupport_fastrtps_cppExport-noconfig.cmake
[0.691s] -- Up-to-date: /home/zhany/ROS/test_ws/install/temp_monitor_interfaces/share/temp_monitor_interfaces/cmake/temp_monitor_interfaces__rosidl_typesupport_introspection_cppExport.cmake
[0.691s] -- Up-to-date: /home/zhany/ROS/test_ws/install/temp_monitor_interfaces/share/temp_monitor_interfaces/cmake/temp_monitor_interfaces__rosidl_typesupport_introspection_cppExport-noconfig.cmake
[0.691s] -- Up-to-date: /home/zhany/ROS/test_ws/install/temp_monitor_interfaces/share/temp_monitor_interfaces/cmake/temp_monitor_interfaces__rosidl_typesupport_cppExport.cmake
[0.691s] -- Up-to-date: /home/zhany/ROS/test_ws/install/temp_monitor_interfaces/share/temp_monitor_interfaces/cmake/temp_monitor_interfaces__rosidl_typesupport_cppExport-noconfig.cmake
[0.691s] -- Up-to-date: /home/zhany/ROS/test_ws/install/temp_monitor_interfaces/share/temp_monitor_interfaces/cmake/export_temp_monitor_interfaces__rosidl_generator_pyExport.cmake
[0.691s] -- Up-to-date: /home/zhany/ROS/test_ws/install/temp_monitor_interfaces/share/temp_monitor_interfaces/cmake/export_temp_monitor_interfaces__rosidl_generator_pyExport-noconfig.cmake
[0.691s] -- Up-to-date: /home/zhany/ROS/test_ws/install/temp_monitor_interfaces/lib/python3.14/site-packages/temp_monitor_interfaces-0.0.0-py3.14.egg-info
[0.691s] -- Installing: /home/zhany/ROS/test_ws/install/temp_monitor_interfaces/lib/python3.14/site-packages/temp_monitor_interfaces-0.0.0-py3.14.egg-info/dependency_links.txt
[0.692s] -- Installing: /home/zhany/ROS/test_ws/install/temp_monitor_interfaces/lib/python3.14/site-packages/temp_monitor_interfaces-0.0.0-py3.14.egg-info/PKG-INFO
[0.692s] -- Installing: /home/zhany/ROS/test_ws/install/temp_monitor_interfaces/lib/python3.14/site-packages/temp_monitor_interfaces-0.0.0-py3.14.egg-info/top_level.txt
[0.693s] -- Installing: /home/zhany/ROS/test_ws/install/temp_monitor_interfaces/lib/python3.14/site-packages/temp_monitor_interfaces-0.0.0-py3.14.egg-info/SOURCES.txt
[0.693s] -- Up-to-date: /home/zhany/ROS/test_ws/install/temp_monitor_interfaces/lib/python3.14/site-packages/temp_monitor_interfaces
[0.693s] -- Up-to-date: /home/zhany/ROS/test_ws/install/temp_monitor_interfaces/lib/python3.14/site-packages/temp_monitor_interfaces/temp_monitor_interfaces_s__rosidl_typesupport_introspection_c.so
[0.693s] -- Up-to-date: /home/zhany/ROS/test_ws/install/temp_monitor_interfaces/lib/python3.14/site-packages/temp_monitor_interfaces/srv
[0.693s] -- Up-to-date: /home/zhany/ROS/test_ws/install/temp_monitor_interfaces/lib/python3.14/site-packages/temp_monitor_interfaces/srv/_search.py
[0.693s] -- Up-to-date: /home/zhany/ROS/test_ws/install/temp_monitor_interfaces/lib/python3.14/site-packages/temp_monitor_interfaces/srv/__init__.py
[0.693s] -- Up-to-date: /home/zhany/ROS/test_ws/install/temp_monitor_interfaces/lib/python3.14/site-packages/temp_monitor_interfaces/srv/_search_s.c
[0.693s] -- Up-to-date: /home/zhany/ROS/test_ws/install/temp_monitor_interfaces/lib/python3.14/site-packages/temp_monitor_interfaces/_temp_monitor_interfaces_s.ep.rosidl_typesupport_introspection_c.c
[0.693s] -- Up-to-date: /home/zhany/ROS/test_ws/install/temp_monitor_interfaces/lib/python3.14/site-packages/temp_monitor_interfaces/__init__.py
[0.693s] -- Up-to-date: /home/zhany/ROS/test_ws/install/temp_monitor_interfaces/lib/python3.14/site-packages/temp_monitor_interfaces/_temp_monitor_interfaces_s.ep.rosidl_typesupport_fastrtps_c.c
[0.693s] -- Up-to-date: /home/zhany/ROS/test_ws/install/temp_monitor_interfaces/lib/python3.14/site-packages/temp_monitor_interfaces/_temp_monitor_interfaces_s.ep.rosidl_typesupport_c.c
[0.693s] -- Up-to-date: /home/zhany/ROS/test_ws/install/temp_monitor_interfaces/lib/python3.14/site-packages/temp_monitor_interfaces/temp_monitor_interfaces_s__rosidl_typesupport_c.so
[0.693s] -- Up-to-date: /home/zhany/ROS/test_ws/install/temp_monitor_interfaces/lib/python3.14/site-packages/temp_monitor_interfaces/py.typed
[0.693s] -- Up-to-date: /home/zhany/ROS/test_ws/install/temp_monitor_interfaces/lib/python3.14/site-packages/temp_monitor_interfaces/temp_monitor_interfaces_s__rosidl_typesupport_fastrtps_c.so
[0.723s] Listing '/home/zhany/ROS/test_ws/install/temp_monitor_interfaces/lib/python3.14/site-packages/temp_monitor_interfaces'...
[0.723s] Listing '/home/zhany/ROS/test_ws/install/temp_monitor_interfaces/lib/python3.14/site-packages/temp_monitor_interfaces/srv'...
[0.728s] -- Up-to-date: /home/zhany/ROS/test_ws/install/temp_monitor_interfaces/share/temp_monitor_interfaces/cmake/rosidl_cmake-extras.cmake
[0.728s] -- Up-to-date: /home/zhany/ROS/test_ws/install/temp_monitor_interfaces/share/temp_monitor_interfaces/cmake/ament_cmake_export_dependencies-extras.cmake
[0.728s] -- Up-to-date: /home/zhany/ROS/test_ws/install/temp_monitor_interfaces/share/temp_monitor_interfaces/cmake/ament_cmake_export_include_directories-extras.cmake
[0.728s] -- Up-to-date: /home/zhany/ROS/test_ws/install/temp_monitor_interfaces/share/temp_monitor_interfaces/cmake/ament_cmake_export_libraries-extras.cmake
[0.728s] -- Up-to-date: /home/zhany/ROS/test_ws/install/temp_monitor_interfaces/share/temp_monitor_interfaces/cmake/ament_cmake_export_targets-extras.cmake
[0.728s] -- Up-to-date: /home/zhany/ROS/test_ws/install/temp_monitor_interfaces/share/temp_monitor_interfaces/cmake/rosidl_cmake_export_typesupport_targets-extras.cmake
[0.728s] -- Up-to-date: /home/zhany/ROS/test_ws/install/temp_monitor_interfaces/share/temp_monitor_interfaces/cmake/rosidl_cmake_export_typesupport_libraries-extras.cmake
[0.728s] -- Up-to-date: /home/zhany/ROS/test_ws/install/temp_monitor_interfaces/share/temp_monitor_interfaces/cmake/rosidl_cmake_aggregate_target-extras.cmake
[0.728s] -- Up-to-date: /home/zhany/ROS/test_ws/install/temp_monitor_interfaces/share/temp_monitor_interfaces/cmake/temp_monitor_interfacesConfig.cmake
[0.728s] -- Up-to-date: /home/zhany/ROS/test_ws/install/temp_monitor_interfaces/share/temp_monitor_interfaces/cmake/temp_monitor_interfacesConfig-version.cmake
[0.728s] -- Up-to-date: /home/zhany/ROS/test_ws/install/temp_monitor_interfaces/share/temp_monitor_interfaces/package.xml
[0.730s] Invoked command in '/home/zhany/ROS/test_ws/build/temp_monitor_interfaces' returned '0': CMAKE_PREFIX_PATH=${CMAKE_PREFIX_PATH}:/home/zhany/ROS/test_ws/install/temp_monitor:/home/zhany/ROS/test_ws/install/static_tf:/opt/ros/lyrical DEBUGINFOD_URLS=https://debuginfod.ubuntu.com /usr/bin/cmake --install /home/zhany/ROS/test_ws/build/temp_monitor_interfaces
