[0.155s] Invoking command in '/home/zhany/ROS/test_ws/build/temp_monitor_interfaces': CMAKE_PREFIX_PATH=${CMAKE_PREFIX_PATH}:/home/zhany/ROS/test_ws/install/temp_monitor:/opt/ros/lyrical DEBUGINFOD_URLS=https://debuginfod.ubuntu.com /usr/bin/cmake --build /home/zhany/ROS/test_ws/build/temp_monitor_interfaces -- -j32 -l32
[0.200s] [  5%] Built target temp_monitor_interfaces__rs
[0.200s] [  5%] Built target temp_monitor_interfaces__rosidl_generator_type_description
[0.217s] [ 17%] Built target temp_monitor_interfaces__cpp
[0.217s] [ 22%] Built target temp_monitor_interfaces__rosidl_generator_c
[0.236s] [ 37%] Built target temp_monitor_interfaces__rosidl_typesupport_cpp
[0.236s] [ 40%] Built target temp_monitor_interfaces__rosidl_typesupport_fastrtps_cpp
[0.237s] [ 65%] Built target temp_monitor_interfaces__rosidl_typesupport_c
[0.237s] [ 65%] Built target temp_monitor_interfaces__rosidl_typesupport_fastrtps_c
[0.237s] [ 65%] Built target temp_monitor_interfaces__rosidl_typesupport_introspection_c
[0.238s] [ 74%] Built target temp_monitor_interfaces__rosidl_typesupport_introspection_cpp
[0.254s] [ 74%] Built target temp_monitor_interfaces
[0.270s] [ 77%] Built target temp_monitor_interfaces__py
[0.288s] [ 82%] Built target temp_monitor_interfaces__rosidl_generator_py
[0.294s] [ 82%] Built target ament_cmake_python_sync_temp_monitor_interfaces
[0.307s] [ 88%] Built target temp_monitor_interfaces_s__rosidl_typesupport_fastrtps_c
[0.308s] [100%] Built target temp_monitor_interfaces_s__rosidl_typesupport_introspection_c
[0.308s] [100%] Built target temp_monitor_interfaces_s__rosidl_typesupport_c
[0.446s] running egg_info
[0.457s] writing temp_monitor_interfaces.egg-info/PKG-INFO
[0.457s] writing dependency_links to temp_monitor_interfaces.egg-info/dependency_links.txt
[0.458s] writing top-level names to temp_monitor_interfaces.egg-info/top_level.txt
[0.491s] reading manifest file 'temp_monitor_interfaces.egg-info/SOURCES.txt'
[0.491s] writing manifest file 'temp_monitor_interfaces.egg-info/SOURCES.txt'
[0.517s] [100%] Built target ament_cmake_python_build_temp_monitor_interfaces_egg
[0.525s] Invoked command in '/home/zhany/ROS/test_ws/build/temp_monitor_interfaces' returned '0': CMAKE_PREFIX_PATH=${CMAKE_PREFIX_PATH}:/home/zhany/ROS/test_ws/install/temp_monitor:/opt/ros/lyrical DEBUGINFOD_URLS=https://debuginfod.ubuntu.com /usr/bin/cmake --build /home/zhany/ROS/test_ws/build/temp_monitor_interfaces -- -j32 -l32
[0.532s] Invoking command in '/home/zhany/ROS/test_ws/build/temp_monitor_interfaces': CMAKE_PREFIX_PATH=${CMAKE_PREFIX_PATH}:/home/zhany/ROS/test_ws/install/temp_monitor:/opt/ros/lyrical DEBUGINFOD_URLS=https://debuginfod.ubuntu.com /usr/bin/cmake --install /home/zhany/ROS/test_ws/build/temp_monitor_interfaces
[0.538s] -- Install configuration: ""
[0.538s] -- Up-to-date: /home/zhany/ROS/test_ws/install/temp_monitor_interfaces/share/ament_index/resource_index/rosidl_interfaces/temp_monitor_interfaces
[0.538s] -- Up-to-date: /home/zhany/ROS/test_ws/install/temp_monitor_interfaces/share/temp_monitor_interfaces/srv/Search.json
[0.538s] -- Up-to-date: /home/zhany/ROS/test_ws/install/temp_monitor_interfaces/include/temp_monitor_interfaces/temp_monitor_interfaces
[0.538s] -- Up-to-date: /home/zhany/ROS/test_ws/install/temp_monitor_interfaces/include/temp_monitor_interfaces/temp_monitor_interfaces/srv
[0.538s] -- Up-to-date: /home/zhany/ROS/test_ws/install/temp_monitor_interfaces/include/temp_monitor_interfaces/temp_monitor_interfaces/srv/detail
[0.538s] -- Up-to-date: /home/zhany/ROS/test_ws/install/temp_monitor_interfaces/include/temp_monitor_interfaces/temp_monitor_interfaces/srv/detail/search__functions.h
[0.538s] -- Up-to-date: /home/zhany/ROS/test_ws/install/temp_monitor_interfaces/include/temp_monitor_interfaces/temp_monitor_interfaces/srv/detail/search__description.c
[0.538s] -- Up-to-date: /home/zhany/ROS/test_ws/install/temp_monitor_interfaces/include/temp_monitor_interfaces/temp_monitor_interfaces/srv/detail/search__type_support.h
[0.538s] -- Up-to-date: /home/zhany/ROS/test_ws/install/temp_monitor_interfaces/include/temp_monitor_interfaces/temp_monitor_interfaces/srv/detail/search__functions.c
[0.538s] -- Up-to-date: /home/zhany/ROS/test_ws/install/temp_monitor_interfaces/include/temp_monitor_interfaces/temp_monitor_interfaces/srv/detail/search__type_support.c
[0.538s] -- Up-to-date: /home/zhany/ROS/test_ws/install/temp_monitor_interfaces/include/temp_monitor_interfaces/temp_monitor_interfaces/srv/detail/search__struct.h
[0.538s] -- Up-to-date: /home/zhany/ROS/test_ws/install/temp_monitor_interfaces/include/temp_monitor_interfaces/temp_monitor_interfaces/srv/search.h
[0.538s] -- Up-to-date: /home/zhany/ROS/test_ws/install/temp_monitor_interfaces/include/temp_monitor_interfaces/temp_monitor_interfaces/msg
[0.538s] -- Up-to-date: /home/zhany/ROS/test_ws/install/temp_monitor_interfaces/include/temp_monitor_interfaces/temp_monitor_interfaces/msg/rosidl_generator_c__visibility_control.h
[0.538s] -- Up-to-date: /home/zhany/ROS/test_ws/install/temp_monitor_interfaces/share/temp_monitor_interfaces/environment/library_path.sh
[0.538s] -- Up-to-date: /home/zhany/ROS/test_ws/install/temp_monitor_interfaces/share/temp_monitor_interfaces/environment/library_path.dsv
[0.538s] -- Up-to-date: /home/zhany/ROS/test_ws/install/temp_monitor_interfaces/lib/libtemp_monitor_interfaces__rosidl_generator_c.so
[0.538s] -- Up-to-date: /home/zhany/ROS/test_ws/install/temp_monitor_interfaces/include/temp_monitor_interfaces/temp_monitor_interfaces
[0.538s] -- Up-to-date: /home/zhany/ROS/test_ws/install/temp_monitor_interfaces/include/temp_monitor_interfaces/temp_monitor_interfaces/srv
[0.538s] -- Up-to-date: /home/zhany/ROS/test_ws/install/temp_monitor_interfaces/include/temp_monitor_interfaces/temp_monitor_interfaces/srv/detail
[0.538s] -- Up-to-date: /home/zhany/ROS/test_ws/install/temp_monitor_interfaces/include/temp_monitor_interfaces/temp_monitor_interfaces/srv/detail/search__rosidl_typesupport_fastrtps_c.h
[0.538s] -- Up-to-date: /home/zhany/ROS/test_ws/install/temp_monitor_interfaces/include/temp_monitor_interfaces/temp_monitor_interfaces/msg
[0.539s] -- Up-to-date: /home/zhany/ROS/test_ws/install/temp_monitor_interfaces/include/temp_monitor_interfaces/temp_monitor_interfaces/msg/rosidl_typesupport_fastrtps_c__visibility_control.h
[0.539s] -- Up-to-date: /home/zhany/ROS/test_ws/install/temp_monitor_interfaces/lib/libtemp_monitor_interfaces__rosidl_typesupport_fastrtps_c.so
[0.539s] -- Up-to-date: /home/zhany/ROS/test_ws/install/temp_monitor_interfaces/include/temp_monitor_interfaces/temp_monitor_interfaces
[0.539s] -- Up-to-date: /home/zhany/ROS/test_ws/install/temp_monitor_interfaces/include/temp_monitor_interfaces/temp_monitor_interfaces/srv
[0.539s] -- Up-to-date: /home/zhany/ROS/test_ws/install/temp_monitor_interfaces/include/temp_monitor_interfaces/temp_monitor_interfaces/srv/detail
[0.539s] -- Up-to-date: /home/zhany/ROS/test_ws/install/temp_monitor_interfaces/include/temp_monitor_interfaces/temp_monitor_interfaces/srv/detail/search__rosidl_typesupport_introspection_c.h
[0.539s] -- Up-to-date: /home/zhany/ROS/test_ws/install/temp_monitor_interfaces/include/temp_monitor_interfaces/temp_monitor_interfaces/srv/detail/search__type_support.c
[0.539s] -- Up-to-date: /home/zhany/ROS/test_ws/install/temp_monitor_interfaces/include/temp_monitor_interfaces/temp_monitor_interfaces/msg
[0.539s] -- Up-to-date: /home/zhany/ROS/test_ws/install/temp_monitor_interfaces/include/temp_monitor_interfaces/temp_monitor_interfaces/msg/rosidl_typesupport_introspection_c__visibility_control.h
[0.539s] -- Up-to-date: /home/zhany/ROS/test_ws/install/temp_monitor_interfaces/lib/libtemp_monitor_interfaces__rosidl_typesupport_introspection_c.so
[0.539s] -- Up-to-date: /home/zhany/ROS/test_ws/install/temp_monitor_interfaces/lib/libtemp_monitor_interfaces__rosidl_typesupport_c.so
[0.539s] -- Up-to-date: /home/zhany/ROS/test_ws/install/temp_monitor_interfaces/include/temp_monitor_interfaces/temp_monitor_interfaces
[0.539s] -- Up-to-date: /home/zhany/ROS/test_ws/install/temp_monitor_interfaces/include/temp_monitor_interfaces/temp_monitor_interfaces/srv
[0.540s] -- Up-to-date: /home/zhany/ROS/test_ws/install/temp_monitor_interfaces/include/temp_monitor_interfaces/temp_monitor_interfaces/srv/detail
[0.540s] -- Up-to-date: /home/zhany/ROS/test_ws/install/temp_monitor_interfaces/include/temp_monitor_interfaces/temp_monitor_interfaces/srv/detail/search__type_support.hpp
[0.540s] -- Up-to-date: /home/zhany/ROS/test_ws/install/temp_monitor_interfaces/include/temp_monitor_interfaces/temp_monitor_interfaces/srv/detail/search__struct.hpp
[0.540s] -- Up-to-date: /home/zhany/ROS/test_ws/install/temp_monitor_interfaces/include/temp_monitor_interfaces/temp_monitor_interfaces/srv/detail/search__builder.hpp
[0.540s] -- Up-to-date: /home/zhany/ROS/test_ws/install/temp_monitor_interfaces/include/temp_monitor_interfaces/temp_monitor_interfaces/srv/detail/search__traits.hpp
[0.540s] -- Up-to-date: /home/zhany/ROS/test_ws/install/temp_monitor_interfaces/include/temp_monitor_interfaces/temp_monitor_interfaces/srv/search.hpp
[0.540s] -- Up-to-date: /home/zhany/ROS/test_ws/install/temp_monitor_interfaces/include/temp_monitor_interfaces/temp_monitor_interfaces/msg
[0.540s] -- Up-to-date: /home/zhany/ROS/test_ws/install/temp_monitor_interfaces/include/temp_monitor_interfaces/temp_monitor_interfaces/msg/rosidl_generator_cpp__visibility_control.hpp
[0.540s] -- Up-to-date: /home/zhany/ROS/test_ws/install/temp_monitor_interfaces/include/temp_monitor_interfaces/temp_monitor_interfaces
[0.540s] -- Up-to-date: /home/zhany/ROS/test_ws/install/temp_monitor_interfaces/include/temp_monitor_interfaces/temp_monitor_interfaces/srv
[0.540s] -- Up-to-date: /home/zhany/ROS/test_ws/install/temp_monitor_interfaces/include/temp_monitor_interfaces/temp_monitor_interfaces/srv/detail
[0.540s] -- Up-to-date: /home/zhany/ROS/test_ws/install/temp_monitor_interfaces/include/temp_monitor_interfaces/temp_monitor_interfaces/srv/detail/search__rosidl_typesupport_fastrtps_cpp.hpp
[0.540s] -- Up-to-date: /home/zhany/ROS/test_ws/install/temp_monitor_interfaces/include/temp_monitor_interfaces/temp_monitor_interfaces/srv/detail/dds_fastrtps
[0.540s] -- Up-to-date: /home/zhany/ROS/test_ws/install/temp_monitor_interfaces/include/temp_monitor_interfaces/temp_monitor_interfaces/msg
[0.540s] -- Up-to-date: /home/zhany/ROS/test_ws/install/temp_monitor_interfaces/include/temp_monitor_interfaces/temp_monitor_interfaces/msg/rosidl_typesupport_fastrtps_cpp__visibility_control.h
[0.540s] -- Up-to-date: /home/zhany/ROS/test_ws/install/temp_monitor_interfaces/lib/libtemp_monitor_interfaces__rosidl_typesupport_fastrtps_cpp.so
[0.540s] -- Up-to-date: /home/zhany/ROS/test_ws/install/temp_monitor_interfaces/include/temp_monitor_interfaces/temp_monitor_interfaces
[0.540s] -- Up-to-date: /home/zhany/ROS/test_ws/install/temp_monitor_interfaces/include/temp_monitor_interfaces/temp_monitor_interfaces/srv
[0.540s] -- Up-to-date: /home/zhany/ROS/test_ws/install/temp_monitor_interfaces/include/temp_monitor_interfaces/temp_monitor_interfaces/srv/detail
[0.540s] -- Up-to-date: /home/zhany/ROS/test_ws/install/temp_monitor_interfaces/include/temp_monitor_interfaces/temp_monitor_interfaces/srv/detail/search__type_support.cpp
[0.540s] -- Up-to-date: /home/zhany/ROS/test_ws/install/temp_monitor_interfaces/include/temp_monitor_interfaces/temp_monitor_interfaces/srv/detail/search__rosidl_typesupport_introspection_cpp.hpp
[0.540s] -- Up-to-date: /home/zhany/ROS/test_ws/install/temp_monitor_interfaces/lib/libtemp_monitor_interfaces__rosidl_typesupport_introspection_cpp.so
[0.540s] -- Up-to-date: /home/zhany/ROS/test_ws/install/temp_monitor_interfaces/lib/libtemp_monitor_interfaces__rosidl_typesupport_cpp.so
[0.541s] -- Up-to-date: /home/zhany/ROS/test_ws/install/temp_monitor_interfaces/share/temp_monitor_interfaces/environment/pythonpath.sh
[0.541s] -- Up-to-date: /home/zhany/ROS/test_ws/install/temp_monitor_interfaces/share/temp_monitor_interfaces/environment/pythonpath.dsv
[0.541s] -- Up-to-date: /home/zhany/ROS/test_ws/install/temp_monitor_interfaces/lib/python3.14/site-packages/temp_monitor_interfaces/temp_monitor_interfaces_s__rosidl_typesupport_fastrtps_c.so
[0.541s] -- Up-to-date: /home/zhany/ROS/test_ws/install/temp_monitor_interfaces/lib/python3.14/site-packages/temp_monitor_interfaces/temp_monitor_interfaces_s__rosidl_typesupport_introspection_c.so
[0.541s] -- Up-to-date: /home/zhany/ROS/test_ws/install/temp_monitor_interfaces/lib/python3.14/site-packages/temp_monitor_interfaces/temp_monitor_interfaces_s__rosidl_typesupport_c.so
[0.541s] -- Up-to-date: /home/zhany/ROS/test_ws/install/temp_monitor_interfaces/lib/libtemp_monitor_interfaces__rosidl_generator_py.so
[0.542s] -- Up-to-date: /home/zhany/ROS/test_ws/install/temp_monitor_interfaces/share/ament_index/resource_index/rust_packages/temp_monitor_interfaces
[0.542s] -- Up-to-date: /home/zhany/ROS/test_ws/install/temp_monitor_interfaces/share/temp_monitor_interfaces/rust
[0.543s] -- Up-to-date: /home/zhany/ROS/test_ws/install/temp_monitor_interfaces/share/temp_monitor_interfaces/rust/Cargo.toml
[0.543s] -- Up-to-date: /home/zhany/ROS/test_ws/install/temp_monitor_interfaces/share/temp_monitor_interfaces/rust/build.rs
[0.543s] -- Up-to-date: /home/zhany/ROS/test_ws/install/temp_monitor_interfaces/share/temp_monitor_interfaces/rust/src
[0.543s] -- Up-to-date: /home/zhany/ROS/test_ws/install/temp_monitor_interfaces/share/temp_monitor_interfaces/rust/src/srv.rs
[0.543s] -- Up-to-date: /home/zhany/ROS/test_ws/install/temp_monitor_interfaces/share/temp_monitor_interfaces/rust/src/srv
[0.543s] -- Up-to-date: /home/zhany/ROS/test_ws/install/temp_monitor_interfaces/share/temp_monitor_interfaces/rust/src/srv/rmw.rs
[0.543s] -- Up-to-date: /home/zhany/ROS/test_ws/install/temp_monitor_interfaces/share/temp_monitor_interfaces/rust/src/lib.rs
[0.543s] -- Up-to-date: /home/zhany/ROS/test_ws/install/temp_monitor_interfaces/share/temp_monitor_interfaces/srv/Search.idl
[0.543s] -- Up-to-date: /home/zhany/ROS/test_ws/install/temp_monitor_interfaces/share/temp_monitor_interfaces/srv/Search.srv
[0.543s] -- Up-to-date: /home/zhany/ROS/test_ws/install/temp_monitor_interfaces/share/ament_index/resource_index/package_run_dependencies/temp_monitor_interfaces
[0.543s] -- Up-to-date: /home/zhany/ROS/test_ws/install/temp_monitor_interfaces/share/ament_index/resource_index/parent_prefix_path/temp_monitor_interfaces
[0.543s] -- Up-to-date: /home/zhany/ROS/test_ws/install/temp_monitor_interfaces/share/temp_monitor_interfaces/environment/ament_prefix_path.sh
[0.543s] -- Up-to-date: /home/zhany/ROS/test_ws/install/temp_monitor_interfaces/share/temp_monitor_interfaces/environment/ament_prefix_path.dsv
[0.543s] -- Up-to-date: /home/zhany/ROS/test_ws/install/temp_monitor_interfaces/share/temp_monitor_interfaces/environment/path.sh
[0.543s] -- Up-to-date: /home/zhany/ROS/test_ws/install/temp_monitor_interfaces/share/temp_monitor_interfaces/environment/path.dsv
[0.543s] -- Up-to-date: /home/zhany/ROS/test_ws/install/temp_monitor_interfaces/share/temp_monitor_interfaces/local_setup.bash
[0.543s] -- Up-to-date: /home/zhany/ROS/test_ws/install/temp_monitor_interfaces/share/temp_monitor_interfaces/local_setup.fish
[0.543s] -- Up-to-date: /home/zhany/ROS/test_ws/install/temp_monitor_interfaces/share/temp_monitor_interfaces/local_setup.sh
[0.543s] -- Up-to-date: /home/zhany/ROS/test_ws/install/temp_monitor_interfaces/share/temp_monitor_interfaces/local_setup.zsh
[0.543s] -- Up-to-date: /home/zhany/ROS/test_ws/install/temp_monitor_interfaces/share/temp_monitor_interfaces/local_setup.dsv
[0.543s] -- Installing: /home/zhany/ROS/test_ws/install/temp_monitor_interfaces/share/temp_monitor_interfaces/package.dsv
[0.543s] -- Up-to-date: /home/zhany/ROS/test_ws/install/temp_monitor_interfaces/share/ament_index/resource_index/packages/temp_monitor_interfaces
[0.544s] -- Up-to-date: /home/zhany/ROS/test_ws/install/temp_monitor_interfaces/share/temp_monitor_interfaces/cmake/export_temp_monitor_interfaces__rosidl_generator_cExport.cmake
[0.544s] -- Up-to-date: /home/zhany/ROS/test_ws/install/temp_monitor_interfaces/share/temp_monitor_interfaces/cmake/export_temp_monitor_interfaces__rosidl_generator_cExport-noconfig.cmake
[0.544s] -- Up-to-date: /home/zhany/ROS/test_ws/install/temp_monitor_interfaces/share/temp_monitor_interfaces/cmake/export_temp_monitor_interfaces__rosidl_typesupport_fastrtps_cExport.cmake
[0.544s] -- Up-to-date: /home/zhany/ROS/test_ws/install/temp_monitor_interfaces/share/temp_monitor_interfaces/cmake/export_temp_monitor_interfaces__rosidl_typesupport_fastrtps_cExport-noconfig.cmake
[0.544s] -- Up-to-date: /home/zhany/ROS/test_ws/install/temp_monitor_interfaces/share/temp_monitor_interfaces/cmake/temp_monitor_interfaces__rosidl_typesupport_introspection_cExport.cmake
[0.544s] -- Up-to-date: /home/zhany/ROS/test_ws/install/temp_monitor_interfaces/share/temp_monitor_interfaces/cmake/temp_monitor_interfaces__rosidl_typesupport_introspection_cExport-noconfig.cmake
[0.544s] -- Up-to-date: /home/zhany/ROS/test_ws/install/temp_monitor_interfaces/share/temp_monitor_interfaces/cmake/temp_monitor_interfaces__rosidl_typesupport_cExport.cmake
[0.544s] -- Up-to-date: /home/zhany/ROS/test_ws/install/temp_monitor_interfaces/share/temp_monitor_interfaces/cmake/temp_monitor_interfaces__rosidl_typesupport_cExport-noconfig.cmake
[0.544s] -- Up-to-date: /home/zhany/ROS/test_ws/install/temp_monitor_interfaces/share/temp_monitor_interfaces/cmake/export_temp_monitor_interfaces__rosidl_generator_cppExport.cmake
[0.544s] -- Up-to-date: /home/zhany/ROS/test_ws/install/temp_monitor_interfaces/share/temp_monitor_interfaces/cmake/export_temp_monitor_interfaces__rosidl_typesupport_fastrtps_cppExport.cmake
[0.544s] -- Up-to-date: /home/zhany/ROS/test_ws/install/temp_monitor_interfaces/share/temp_monitor_interfaces/cmake/export_temp_monitor_interfaces__rosidl_typesupport_fastrtps_cppExport-noconfig.cmake
[0.544s] -- Up-to-date: /home/zhany/ROS/test_ws/install/temp_monitor_interfaces/share/temp_monitor_interfaces/cmake/temp_monitor_interfaces__rosidl_typesupport_introspection_cppExport.cmake
[0.544s] -- Up-to-date: /home/zhany/ROS/test_ws/install/temp_monitor_interfaces/share/temp_monitor_interfaces/cmake/temp_monitor_interfaces__rosidl_typesupport_introspection_cppExport-noconfig.cmake
[0.545s] -- Up-to-date: /home/zhany/ROS/test_ws/install/temp_monitor_interfaces/share/temp_monitor_interfaces/cmake/temp_monitor_interfaces__rosidl_typesupport_cppExport.cmake
[0.545s] -- Up-to-date: /home/zhany/ROS/test_ws/install/temp_monitor_interfaces/share/temp_monitor_interfaces/cmake/temp_monitor_interfaces__rosidl_typesupport_cppExport-noconfig.cmake
[0.545s] -- Up-to-date: /home/zhany/ROS/test_ws/install/temp_monitor_interfaces/share/temp_monitor_interfaces/cmake/export_temp_monitor_interfaces__rosidl_generator_pyExport.cmake
[0.545s] -- Up-to-date: /home/zhany/ROS/test_ws/install/temp_monitor_interfaces/share/temp_monitor_interfaces/cmake/export_temp_monitor_interfaces__rosidl_generator_pyExport-noconfig.cmake
[0.545s] -- Up-to-date: /home/zhany/ROS/test_ws/install/temp_monitor_interfaces/lib/python3.14/site-packages/temp_monitor_interfaces-0.0.0-py3.14.egg-info
[0.545s] -- Installing: /home/zhany/ROS/test_ws/install/temp_monitor_interfaces/lib/python3.14/site-packages/temp_monitor_interfaces-0.0.0-py3.14.egg-info/dependency_links.txt
[0.545s] -- Installing: /home/zhany/ROS/test_ws/install/temp_monitor_interfaces/lib/python3.14/site-packages/temp_monitor_interfaces-0.0.0-py3.14.egg-info/PKG-INFO
[0.545s] -- Installing: /home/zhany/ROS/test_ws/install/temp_monitor_interfaces/lib/python3.14/site-packages/temp_monitor_interfaces-0.0.0-py3.14.egg-info/top_level.txt
[0.546s] -- Installing: /home/zhany/ROS/test_ws/install/temp_monitor_interfaces/lib/python3.14/site-packages/temp_monitor_interfaces-0.0.0-py3.14.egg-info/SOURCES.txt
[0.546s] -- Up-to-date: /home/zhany/ROS/test_ws/install/temp_monitor_interfaces/lib/python3.14/site-packages/temp_monitor_interfaces
[0.546s] -- Up-to-date: /home/zhany/ROS/test_ws/install/temp_monitor_interfaces/lib/python3.14/site-packages/temp_monitor_interfaces/temp_monitor_interfaces_s__rosidl_typesupport_introspection_c.so
[0.546s] -- Up-to-date: /home/zhany/ROS/test_ws/install/temp_monitor_interfaces/lib/python3.14/site-packages/temp_monitor_interfaces/srv
[0.546s] -- Up-to-date: /home/zhany/ROS/test_ws/install/temp_monitor_interfaces/lib/python3.14/site-packages/temp_monitor_interfaces/srv/_search.py
[0.546s] -- Up-to-date: /home/zhany/ROS/test_ws/install/temp_monitor_interfaces/lib/python3.14/site-packages/temp_monitor_interfaces/srv/__init__.py
[0.546s] -- Up-to-date: /home/zhany/ROS/test_ws/install/temp_monitor_interfaces/lib/python3.14/site-packages/temp_monitor_interfaces/srv/_search_s.c
[0.546s] -- Up-to-date: /home/zhany/ROS/test_ws/install/temp_monitor_interfaces/lib/python3.14/site-packages/temp_monitor_interfaces/_temp_monitor_interfaces_s.ep.rosidl_typesupport_introspection_c.c
[0.546s] -- Up-to-date: /home/zhany/ROS/test_ws/install/temp_monitor_interfaces/lib/python3.14/site-packages/temp_monitor_interfaces/__init__.py
[0.546s] -- Up-to-date: /home/zhany/ROS/test_ws/install/temp_monitor_interfaces/lib/python3.14/site-packages/temp_monitor_interfaces/_temp_monitor_interfaces_s.ep.rosidl_typesupport_fastrtps_c.c
[0.546s] -- Up-to-date: /home/zhany/ROS/test_ws/install/temp_monitor_interfaces/lib/python3.14/site-packages/temp_monitor_interfaces/_temp_monitor_interfaces_s.ep.rosidl_typesupport_c.c
[0.546s] -- Up-to-date: /home/zhany/ROS/test_ws/install/temp_monitor_interfaces/lib/python3.14/site-packages/temp_monitor_interfaces/temp_monitor_interfaces_s__rosidl_typesupport_c.so
[0.546s] -- Up-to-date: /home/zhany/ROS/test_ws/install/temp_monitor_interfaces/lib/python3.14/site-packages/temp_monitor_interfaces/py.typed
[0.546s] -- Up-to-date: /home/zhany/ROS/test_ws/install/temp_monitor_interfaces/lib/python3.14/site-packages/temp_monitor_interfaces/temp_monitor_interfaces_s__rosidl_typesupport_fastrtps_c.so
[0.571s] Listing '/home/zhany/ROS/test_ws/install/temp_monitor_interfaces/lib/python3.14/site-packages/temp_monitor_interfaces'...
[0.571s] Listing '/home/zhany/ROS/test_ws/install/temp_monitor_interfaces/lib/python3.14/site-packages/temp_monitor_interfaces/srv'...
[0.575s] -- Up-to-date: /home/zhany/ROS/test_ws/install/temp_monitor_interfaces/share/temp_monitor_interfaces/cmake/rosidl_cmake-extras.cmake
[0.575s] -- Up-to-date: /home/zhany/ROS/test_ws/install/temp_monitor_interfaces/share/temp_monitor_interfaces/cmake/ament_cmake_export_dependencies-extras.cmake
[0.575s] -- Up-to-date: /home/zhany/ROS/test_ws/install/temp_monitor_interfaces/share/temp_monitor_interfaces/cmake/ament_cmake_export_include_directories-extras.cmake
[0.575s] -- Up-to-date: /home/zhany/ROS/test_ws/install/temp_monitor_interfaces/share/temp_monitor_interfaces/cmake/ament_cmake_export_libraries-extras.cmake
[0.575s] -- Up-to-date: /home/zhany/ROS/test_ws/install/temp_monitor_interfaces/share/temp_monitor_interfaces/cmake/ament_cmake_export_targets-extras.cmake
[0.575s] -- Up-to-date: /home/zhany/ROS/test_ws/install/temp_monitor_interfaces/share/temp_monitor_interfaces/cmake/rosidl_cmake_export_typesupport_targets-extras.cmake
[0.575s] -- Up-to-date: /home/zhany/ROS/test_ws/install/temp_monitor_interfaces/share/temp_monitor_interfaces/cmake/rosidl_cmake_export_typesupport_libraries-extras.cmake
[0.575s] -- Up-to-date: /home/zhany/ROS/test_ws/install/temp_monitor_interfaces/share/temp_monitor_interfaces/cmake/rosidl_cmake_aggregate_target-extras.cmake
[0.575s] -- Up-to-date: /home/zhany/ROS/test_ws/install/temp_monitor_interfaces/share/temp_monitor_interfaces/cmake/temp_monitor_interfacesConfig.cmake
[0.575s] -- Up-to-date: /home/zhany/ROS/test_ws/install/temp_monitor_interfaces/share/temp_monitor_interfaces/cmake/temp_monitor_interfacesConfig-version.cmake
[0.575s] -- Up-to-date: /home/zhany/ROS/test_ws/install/temp_monitor_interfaces/share/temp_monitor_interfaces/package.xml
[0.577s] Invoked command in '/home/zhany/ROS/test_ws/build/temp_monitor_interfaces' returned '0': CMAKE_PREFIX_PATH=${CMAKE_PREFIX_PATH}:/home/zhany/ROS/test_ws/install/temp_monitor:/opt/ros/lyrical DEBUGINFOD_URLS=https://debuginfod.ubuntu.com /usr/bin/cmake --install /home/zhany/ROS/test_ws/build/temp_monitor_interfaces
