/home/zhany/ROS/test_ws/install/static_tf/lib/python3.14/site-packages/static_tf/dynamic_tf_broadcast.py
/home/zhany/ROS/test_ws/install/static_tf/lib/python3.14/site-packages/static_tf/__init__.py
/home/zhany/ROS/test_ws/install/static_tf/lib/python3.14/site-packages/static_tf/static_tf_broadcast.py
/home/zhany/ROS/test_ws/install/static_tf/lib/python3.14/site-packages/static_tf/tf_listener.py
/home/zhany/ROS/test_ws/install/static_tf/lib/python3.14/site-packages/static_tf/py.typed
/home/zhany/ROS/test_ws/install/static_tf/lib/python3.14/site-packages/static_tf/__pycache__/dynamic_tf_broadcast.cpython-314.pyc
/home/zhany/ROS/test_ws/install/static_tf/lib/python3.14/site-packages/static_tf/__pycache__/__init__.cpython-314.pyc
/home/zhany/ROS/test_ws/install/static_tf/lib/python3.14/site-packages/static_tf/__pycache__/static_tf_broadcast.cpython-314.pyc
/home/zhany/ROS/test_ws/install/static_tf/lib/python3.14/site-packages/static_tf/__pycache__/tf_listener.cpython-314.pyc
/home/zhany/ROS/test_ws/install/static_tf/share/ament_index/resource_index/packages/static_tf
/home/zhany/ROS/test_ws/install/static_tf/share/static_tf/package.xml
/home/zhany/ROS/test_ws/install/static_tf/lib/python3.14/site-packages/static_tf-0.0.0-py3.14.egg-info/zip-safe
/home/zhany/ROS/test_ws/install/static_tf/lib/python3.14/site-packages/static_tf-0.0.0-py3.14.egg-info/dependency_links.txt
/home/zhany/ROS/test_ws/install/static_tf/lib/python3.14/site-packages/static_tf-0.0.0-py3.14.egg-info/entry_points.txt
/home/zhany/ROS/test_ws/install/static_tf/lib/python3.14/site-packages/static_tf-0.0.0-py3.14.egg-info/PKG-INFO
/home/zhany/ROS/test_ws/install/static_tf/lib/python3.14/site-packages/static_tf-0.0.0-py3.14.egg-info/top_level.txt
/home/zhany/ROS/test_ws/install/static_tf/lib/python3.14/site-packages/static_tf-0.0.0-py3.14.egg-info/requires.txt
/home/zhany/ROS/test_ws/install/static_tf/lib/python3.14/site-packages/static_tf-0.0.0-py3.14.egg-info/SOURCES.txt
/home/zhany/ROS/test_ws/install/static_tf/lib/static_tf/dynamic_tf_pub
/home/zhany/ROS/test_ws/install/static_tf/lib/static_tf/static_tf_pub
/home/zhany/ROS/test_ws/install/static_tf/lib/static_tf/tf_listener
