/home/zhany/ROS/test_ws/install/temp_monitor/lib/python3.14/site-packages/temp_monitor/__init__.py
/home/zhany/ROS/test_ws/install/temp_monitor/lib/python3.14/site-packages/temp_monitor/temp_show.py
/home/zhany/ROS/test_ws/install/temp_monitor/lib/python3.14/site-packages/temp_monitor/temp_client.py
/home/zhany/ROS/test_ws/install/temp_monitor/lib/python3.14/site-packages/temp_monitor/temp_service.py
/home/zhany/ROS/test_ws/install/temp_monitor/lib/python3.14/site-packages/temp_monitor/py.typed
/home/zhany/ROS/test_ws/install/temp_monitor/lib/python3.14/site-packages/temp_monitor/__pycache__/__init__.cpython-314.pyc
/home/zhany/ROS/test_ws/install/temp_monitor/lib/python3.14/site-packages/temp_monitor/__pycache__/temp_show.cpython-314.pyc
/home/zhany/ROS/test_ws/install/temp_monitor/lib/python3.14/site-packages/temp_monitor/__pycache__/temp_client.cpython-314.pyc
/home/zhany/ROS/test_ws/install/temp_monitor/lib/python3.14/site-packages/temp_monitor/__pycache__/temp_service.cpython-314.pyc
/home/zhany/ROS/test_ws/install/temp_monitor/share/ament_index/resource_index/packages/temp_monitor
/home/zhany/ROS/test_ws/install/temp_monitor/share/temp_monitor/package.xml
/home/zhany/ROS/test_ws/install/temp_monitor/lib/python3.14/site-packages/temp_monitor-0.0.0-py3.14.egg-info/zip-safe
/home/zhany/ROS/test_ws/install/temp_monitor/lib/python3.14/site-packages/temp_monitor-0.0.0-py3.14.egg-info/dependency_links.txt
/home/zhany/ROS/test_ws/install/temp_monitor/lib/python3.14/site-packages/temp_monitor-0.0.0-py3.14.egg-info/entry_points.txt
/home/zhany/ROS/test_ws/install/temp_monitor/lib/python3.14/site-packages/temp_monitor-0.0.0-py3.14.egg-info/PKG-INFO
/home/zhany/ROS/test_ws/install/temp_monitor/lib/python3.14/site-packages/temp_monitor-0.0.0-py3.14.egg-info/top_level.txt
/home/zhany/ROS/test_ws/install/temp_monitor/lib/python3.14/site-packages/temp_monitor-0.0.0-py3.14.egg-info/requires.txt
/home/zhany/ROS/test_ws/install/temp_monitor/lib/python3.14/site-packages/temp_monitor-0.0.0-py3.14.egg-info/SOURCES.txt
/home/zhany/ROS/test_ws/install/temp_monitor/lib/temp_monitor/temp_client
/home/zhany/ROS/test_ws/install/temp_monitor/lib/temp_monitor/temp_service
/home/zhany/ROS/test_ws/install/temp_monitor/lib/temp_monitor/temp_show
