[-1787579692881711104.000s] DEBUG:colcon:Command line arguments: ['/usr/bin/colcon', 'build']
[-1787579692881711104.000s] DEBUG:colcon:Parsed command line arguments: Namespace(log_base=None, log_level=None, verb_name='build', build_base='build', install_base='install', merge_install=False, symlink_install=False, test_result_base=None, continue_on_error=False, executor='parallel', parallel_workers=32, event_handlers=None, ignore_user_meta=False, metas=['./colcon.meta'], base_paths=['.'], packages_ignore=None, packages_ignore_regex=None, paths=None, packages_up_to=None, packages_up_to_regex=None, packages_above=None, packages_above_and_dependencies=None, packages_above_depth=None, packages_select_by_dep=None, packages_skip_by_dep=None, packages_skip_up_to=None, packages_select_build_failed=False, packages_skip_build_finished=False, packages_select_test_failures=False, packages_skip_test_passed=False, packages_select=None, packages_skip=None, packages_select_regex=None, packages_skip_regex=None, packages_start=None, packages_end=None, allow_overriding=[], cmake_args=None, cmake_target=None, cmake_target_skip_unavailable=False, cmake_clean_cache=False, cmake_clean_first=False, cmake_force_configure=False, ament_cmake_args=None, catkin_cmake_args=None, catkin_skip_building_tests=False, mixin_files=None, mixin=None, verb_parser=<colcon_mixin.mixin.mixin_argument.MixinArgumentDecorator object at 0x7874f1187d90>, verb_extension=<colcon_core.verb.build.BuildVerb object at 0x7874f1183230>, main=<bound method BuildVerb.main of <colcon_core.verb.build.BuildVerb object at 0x7874f1183230>>, mixin_verb=('build',))
[-1787579692881711104.000s] Level 1:colcon.colcon_core.package_discovery:discover_packages(colcon_meta) check parameters
[-1787579692881711104.000s] Level 1:colcon.colcon_core.package_discovery:discover_packages(recursive) check parameters
[-1787579692881711104.000s] Level 1:colcon.colcon_core.package_discovery:discover_packages(ignore) check parameters
[-1787579692881711104.000s] Level 1:colcon.colcon_core.package_discovery:discover_packages(path) check parameters
[-1787579692881711104.000s] Level 1:colcon.colcon_core.package_discovery:discover_packages(colcon_meta) discover
[-1787579692881711104.000s] Level 1:colcon.colcon_core.package_discovery:discover_packages(recursive) discover
[-1787579692881711104.000s] INFO:colcon.colcon_core.package_discovery:Crawling recursively for packages in '/home/zhany/ROS/test_ws'
[-1787579692881711104.000s] Level 1:colcon.colcon_core.package_identification:_identify(.) by extensions ['ignore', 'ignore_ament_install']
[-1787579692881711104.000s] Level 1:colcon.colcon_core.package_identification:_identify(.) by extension 'ignore'
[-1787579692881711104.000s] Level 1:colcon.colcon_core.package_identification:_identify(.) by extension 'ignore_ament_install'
[-1787579692881711104.000s] Level 1:colcon.colcon_core.package_identification:_identify(.) by extensions ['colcon_pkg']
[-1787579692881711104.000s] Level 1:colcon.colcon_core.package_identification:_identify(.) by extension 'colcon_pkg'
[-1787579692881711104.000s] Level 1:colcon.colcon_core.package_identification:_identify(.) by extensions ['colcon_meta']
[-1787579692881711104.000s] Level 1:colcon.colcon_core.package_identification:_identify(.) by extension 'colcon_meta'
[-1787579692881711104.000s] Level 1:colcon.colcon_core.package_identification:_identify(.) by extensions ['ros']
[-1787579692881711104.000s] Level 1:colcon.colcon_core.package_identification:_identify(.) by extension 'ros'
[-1787579692881711104.000s] Level 1:colcon.colcon_core.package_identification:_identify(.) by extensions ['cmake', 'python']
[-1787579692881711104.000s] Level 1:colcon.colcon_core.package_identification:_identify(.) by extension 'cmake'
[-1787579692881711104.000s] Level 1:colcon.colcon_core.package_identification:_identify(.) by extension 'python'
[-1787579692881711104.000s] Level 1:colcon.colcon_core.package_identification:_identify(.) by extensions ['python_setup_py']
[-1787579692881711104.000s] Level 1:colcon.colcon_core.package_identification:_identify(.) by extension 'python_setup_py'
[-1787579692881711104.000s] Level 1:colcon.colcon_core.package_identification:_identify(build) by extensions ['ignore', 'ignore_ament_install']
[-1787579692881711104.000s] Level 1:colcon.colcon_core.package_identification:_identify(build) by extension 'ignore'
[-1787579692881711104.000s] Level 1:colcon.colcon_core.package_identification:_identify(build) ignored
[-1787579692881711104.000s] Level 1:colcon.colcon_core.package_identification:_identify(install) by extensions ['ignore', 'ignore_ament_install']
[-1787579692881711104.000s] Level 1:colcon.colcon_core.package_identification:_identify(install) by extension 'ignore'
[-1787579692881711104.000s] Level 1:colcon.colcon_core.package_identification:_identify(install) ignored
[-1787579692881711104.000s] Level 1:colcon.colcon_core.package_identification:_identify(log) by extensions ['ignore', 'ignore_ament_install']
[-1787579692881711104.000s] Level 1:colcon.colcon_core.package_identification:_identify(log) by extension 'ignore'
[-1787579692881711104.000s] Level 1:colcon.colcon_core.package_identification:_identify(log) ignored
[-1787579692881711104.000s] Level 1:colcon.colcon_core.package_identification:_identify(src) by extensions ['ignore', 'ignore_ament_install']
[-1787579692881711104.000s] Level 1:colcon.colcon_core.package_identification:_identify(src) by extension 'ignore'
[-1787579692881711104.000s] Level 1:colcon.colcon_core.package_identification:_identify(src) by extension 'ignore_ament_install'
[-1787579692881711104.000s] Level 1:colcon.colcon_core.package_identification:_identify(src) by extensions ['colcon_pkg']
[-1787579692881711104.000s] Level 1:colcon.colcon_core.package_identification:_identify(src) by extension 'colcon_pkg'
[-1787579692881711104.000s] Level 1:colcon.colcon_core.package_identification:_identify(src) by extensions ['colcon_meta']
[-1787579692881711104.000s] Level 1:colcon.colcon_core.package_identification:_identify(src) by extension 'colcon_meta'
[-1787579692881711104.000s] Level 1:colcon.colcon_core.package_identification:_identify(src) by extensions ['ros']
[-1787579692881711104.000s] Level 1:colcon.colcon_core.package_identification:_identify(src) by extension 'ros'
[-1787579692881711104.000s] Level 1:colcon.colcon_core.package_identification:_identify(src) by extensions ['cmake', 'python']
[-1787579692881711104.000s] Level 1:colcon.colcon_core.package_identification:_identify(src) by extension 'cmake'
[-1787579692881711104.000s] Level 1:colcon.colcon_core.package_identification:_identify(src) by extension 'python'
[-1787579692881711104.000s] Level 1:colcon.colcon_core.package_identification:_identify(src) by extensions ['python_setup_py']
[-1787579692881711104.000s] Level 1:colcon.colcon_core.package_identification:_identify(src) by extension 'python_setup_py'
[-1787579692881711104.000s] Level 1:colcon.colcon_core.package_identification:_identify(src/static_tf) by extensions ['ignore', 'ignore_ament_install']
[-1787579692881711104.000s] Level 1:colcon.colcon_core.package_identification:_identify(src/static_tf) by extension 'ignore'
[-1787579692881711104.000s] Level 1:colcon.colcon_core.package_identification:_identify(src/static_tf) by extension 'ignore_ament_install'
[-1787579692881711104.000s] Level 1:colcon.colcon_core.package_identification:_identify(src/static_tf) by extensions ['colcon_pkg']
[-1787579692881711104.000s] Level 1:colcon.colcon_core.package_identification:_identify(src/static_tf) by extension 'colcon_pkg'
[-1787579692881711104.000s] Level 1:colcon.colcon_core.package_identification:_identify(src/static_tf) by extensions ['colcon_meta']
[-1787579692881711104.000s] Level 1:colcon.colcon_core.package_identification:_identify(src/static_tf) by extension 'colcon_meta'
[-1787579692881711104.000s] Level 1:colcon.colcon_core.package_identification:_identify(src/static_tf) by extensions ['ros']
[-1787579692881711104.000s] Level 1:colcon.colcon_core.package_identification:_identify(src/static_tf) by extension 'ros'
[-1787579692881711104.000s] DEBUG:colcon.colcon_core.package_identification:Package 'src/static_tf' with type 'ros.ament_python' and name 'static_tf'
[-1787579692881711104.000s] Level 1:colcon.colcon_core.package_identification:_identify(src/temp_monitor) by extensions ['ignore', 'ignore_ament_install']
[-1787579692881711104.000s] Level 1:colcon.colcon_core.package_identification:_identify(src/temp_monitor) by extension 'ignore'
[-1787579692881711104.000s] Level 1:colcon.colcon_core.package_identification:_identify(src/temp_monitor) by extension 'ignore_ament_install'
[-1787579692881711104.000s] Level 1:colcon.colcon_core.package_identification:_identify(src/temp_monitor) by extensions ['colcon_pkg']
[-1787579692881711104.000s] Level 1:colcon.colcon_core.package_identification:_identify(src/temp_monitor) by extension 'colcon_pkg'
[-1787579692881711104.000s] Level 1:colcon.colcon_core.package_identification:_identify(src/temp_monitor) by extensions ['colcon_meta']
[-1787579692881711104.000s] Level 1:colcon.colcon_core.package_identification:_identify(src/temp_monitor) by extension 'colcon_meta'
[-1787579692881711104.000s] Level 1:colcon.colcon_core.package_identification:_identify(src/temp_monitor) by extensions ['ros']
[-1787579692881711104.000s] Level 1:colcon.colcon_core.package_identification:_identify(src/temp_monitor) by extension 'ros'
[-1787579692881711104.000s] DEBUG:colcon.colcon_core.package_identification:Package 'src/temp_monitor' with type 'ros.ament_python' and name 'temp_monitor'
[-1787579692881711104.000s] Level 1:colcon.colcon_core.package_identification:_identify(src/temp_monitor_interfaces) by extensions ['ignore', 'ignore_ament_install']
[-1787579692881711104.000s] Level 1:colcon.colcon_core.package_identification:_identify(src/temp_monitor_interfaces) by extension 'ignore'
[-1787579692881711104.000s] Level 1:colcon.colcon_core.package_identification:_identify(src/temp_monitor_interfaces) by extension 'ignore_ament_install'
[-1787579692881711104.000s] Level 1:colcon.colcon_core.package_identification:_identify(src/temp_monitor_interfaces) by extensions ['colcon_pkg']
[-1787579692881711104.000s] Level 1:colcon.colcon_core.package_identification:_identify(src/temp_monitor_interfaces) by extension 'colcon_pkg'
[-1787579692881711104.000s] Level 1:colcon.colcon_core.package_identification:_identify(src/temp_monitor_interfaces) by extensions ['colcon_meta']
[-1787579692881711104.000s] Level 1:colcon.colcon_core.package_identification:_identify(src/temp_monitor_interfaces) by extension 'colcon_meta'
[-1787579692881711104.000s] Level 1:colcon.colcon_core.package_identification:_identify(src/temp_monitor_interfaces) by extensions ['ros']
[-1787579692881711104.000s] Level 1:colcon.colcon_core.package_identification:_identify(src/temp_monitor_interfaces) by extension 'ros'
[-1787579692881711104.000s] DEBUG:colcon.colcon_core.package_identification:Package 'src/temp_monitor_interfaces' with type 'ros.ament_cmake' and name 'temp_monitor_interfaces'
[-1787579692881711104.000s] Level 1:colcon.colcon_core.package_discovery:discover_packages(recursive) using defaults
[-1787579692881711104.000s] Level 1:colcon.colcon_core.package_discovery:discover_packages(ignore) discover
[-1787579692881711104.000s] Level 1:colcon.colcon_core.package_discovery:discover_packages(ignore) using defaults
[-1787579692881711104.000s] Level 1:colcon.colcon_core.package_discovery:discover_packages(path) discover
[-1787579692881711104.000s] Level 1:colcon.colcon_core.package_discovery:discover_packages(path) using defaults
[-1787579692881711104.000s] Level 1:colcon.colcon_core.package_discovery:discover_packages(prefix_path) check parameters
[-1787579692881711104.000s] Level 1:colcon.colcon_core.package_discovery:discover_packages(prefix_path) discover
[-1787579692881711104.000s] DEBUG:colcon.colcon_installed_package_information.package_discovery:Found 3 installed packages in /home/zhany/ROS/test_ws/install
[-1787579692881711104.000s] DEBUG:colcon.colcon_installed_package_information.package_discovery:Found 322 installed packages in /opt/ros/lyrical
[-1787579692881711104.000s] Level 1:colcon.colcon_core.package_discovery:discover_packages(prefix_path) using defaults
[-1787579692881711104.000s] Level 5:colcon.colcon_core.verb:set package 'static_tf' build argument 'cmake_args' from command line to 'None'
[-1787579692881711104.000s] Level 5:colcon.colcon_core.verb:set package 'static_tf' build argument 'cmake_target' from command line to 'None'
[-1787579692881711104.000s] Level 5:colcon.colcon_core.verb:set package 'static_tf' build argument 'cmake_target_skip_unavailable' from command line to 'False'
[-1787579692881711104.000s] Level 5:colcon.colcon_core.verb:set package 'static_tf' build argument 'cmake_clean_cache' from command line to 'False'
[-1787579692881711104.000s] Level 5:colcon.colcon_core.verb:set package 'static_tf' build argument 'cmake_clean_first' from command line to 'False'
[-1787579692881711104.000s] Level 5:colcon.colcon_core.verb:set package 'static_tf' build argument 'cmake_force_configure' from command line to 'False'
[-1787579692881711104.000s] Level 5:colcon.colcon_core.verb:set package 'static_tf' build argument 'ament_cmake_args' from command line to 'None'
[-1787579692881711104.000s] Level 5:colcon.colcon_core.verb:set package 'static_tf' build argument 'catkin_cmake_args' from command line to 'None'
[-1787579692881711104.000s] Level 5:colcon.colcon_core.verb:set package 'static_tf' build argument 'catkin_skip_building_tests' from command line to 'False'
[-1787579692881711104.000s] DEBUG:colcon.colcon_core.verb:Building package 'static_tf' with the following arguments: {'ament_cmake_args': None, 'build_base': '/home/zhany/ROS/test_ws/build/static_tf', 'catkin_cmake_args': None, 'catkin_skip_building_tests': False, 'cmake_args': None, 'cmake_clean_cache': False, 'cmake_clean_first': False, 'cmake_force_configure': False, 'cmake_target': None, 'cmake_target_skip_unavailable': False, 'install_base': '/home/zhany/ROS/test_ws/install/static_tf', 'merge_install': False, 'path': '/home/zhany/ROS/test_ws/src/static_tf', 'symlink_install': False, 'test_result_base': None}
[-1787579692881711104.000s] Level 5:colcon.colcon_core.verb:set package 'temp_monitor' build argument 'cmake_args' from command line to 'None'
[-1787579692881711104.000s] Level 5:colcon.colcon_core.verb:set package 'temp_monitor' build argument 'cmake_target' from command line to 'None'
[-1787579692881711104.000s] Level 5:colcon.colcon_core.verb:set package 'temp_monitor' build argument 'cmake_target_skip_unavailable' from command line to 'False'
[-1787579692881711104.000s] Level 5:colcon.colcon_core.verb:set package 'temp_monitor' build argument 'cmake_clean_cache' from command line to 'False'
[-1787579692881711104.000s] Level 5:colcon.colcon_core.verb:set package 'temp_monitor' build argument 'cmake_clean_first' from command line to 'False'
[-1787579692881711104.000s] Level 5:colcon.colcon_core.verb:set package 'temp_monitor' build argument 'cmake_force_configure' from command line to 'False'
[-1787579692881711104.000s] Level 5:colcon.colcon_core.verb:set package 'temp_monitor' build argument 'ament_cmake_args' from command line to 'None'
[-1787579692881711104.000s] Level 5:colcon.colcon_core.verb:set package 'temp_monitor' build argument 'catkin_cmake_args' from command line to 'None'
[-1787579692881711104.000s] Level 5:colcon.colcon_core.verb:set package 'temp_monitor' build argument 'catkin_skip_building_tests' from command line to 'False'
[-1787579692881711104.000s] DEBUG:colcon.colcon_core.verb:Building package 'temp_monitor' with the following arguments: {'ament_cmake_args': None, 'build_base': '/home/zhany/ROS/test_ws/build/temp_monitor', 'catkin_cmake_args': None, 'catkin_skip_building_tests': False, 'cmake_args': None, 'cmake_clean_cache': False, 'cmake_clean_first': False, 'cmake_force_configure': False, 'cmake_target': None, 'cmake_target_skip_unavailable': False, 'install_base': '/home/zhany/ROS/test_ws/install/temp_monitor', 'merge_install': False, 'path': '/home/zhany/ROS/test_ws/src/temp_monitor', 'symlink_install': False, 'test_result_base': None}
[-1787579692881711104.000s] Level 5:colcon.colcon_core.verb:set package 'temp_monitor_interfaces' build argument 'cmake_args' from command line to 'None'
[-1787579692881711104.000s] Level 5:colcon.colcon_core.verb:set package 'temp_monitor_interfaces' build argument 'cmake_target' from command line to 'None'
[-1787579692881711104.000s] Level 5:colcon.colcon_core.verb:set package 'temp_monitor_interfaces' build argument 'cmake_target_skip_unavailable' from command line to 'False'
[-1787579692881711104.000s] Level 5:colcon.colcon_core.verb:set package 'temp_monitor_interfaces' build argument 'cmake_clean_cache' from command line to 'False'
[-1787579692881711104.000s] Level 5:colcon.colcon_core.verb:set package 'temp_monitor_interfaces' build argument 'cmake_clean_first' from command line to 'False'
[-1787579692881711104.000s] Level 5:colcon.colcon_core.verb:set package 'temp_monitor_interfaces' build argument 'cmake_force_configure' from command line to 'False'
[-1787579692881711104.000s] Level 5:colcon.colcon_core.verb:set package 'temp_monitor_interfaces' build argument 'ament_cmake_args' from command line to 'None'
[-1787579692881711104.000s] Level 5:colcon.colcon_core.verb:set package 'temp_monitor_interfaces' build argument 'catkin_cmake_args' from command line to 'None'
[-1787579692881711104.000s] Level 5:colcon.colcon_core.verb:set package 'temp_monitor_interfaces' build argument 'catkin_skip_building_tests' from command line to 'False'
[-1787579692881711104.000s] DEBUG:colcon.colcon_core.verb:Building package 'temp_monitor_interfaces' with the following arguments: {'ament_cmake_args': None, 'build_base': '/home/zhany/ROS/test_ws/build/temp_monitor_interfaces', 'catkin_cmake_args': None, 'catkin_skip_building_tests': False, 'cmake_args': None, 'cmake_clean_cache': False, 'cmake_clean_first': False, 'cmake_force_configure': False, 'cmake_target': None, 'cmake_target_skip_unavailable': False, 'install_base': '/home/zhany/ROS/test_ws/install/temp_monitor_interfaces', 'merge_install': False, 'path': '/home/zhany/ROS/test_ws/src/temp_monitor_interfaces', 'symlink_install': False, 'test_result_base': None}
[-1787579692881711104.000s] INFO:colcon.colcon_core.executor:Executing jobs using 'parallel' executor
[-1787579692881711104.000s] DEBUG:colcon.colcon_parallel_executor.executor.parallel:run_until_complete
[-1787579692881711104.000s] INFO:colcon.colcon_ros.task.ament_python.build:Building ROS package in '/home/zhany/ROS/test_ws/src/static_tf' with build type 'ament_python'
[-1787579692881711104.000s] Level 1:colcon.colcon_core.shell:create_environment_hook('static_tf', 'ament_prefix_path')
[-1787579692881711104.000s] INFO:colcon.colcon_core.plugin_system:Skipping extension 'colcon_core.shell.bat': Not used on non-Windows systems
[-1787579692881711104.000s] INFO:colcon.colcon_core.shell:Creating environment hook '/home/zhany/ROS/test_ws/install/static_tf/share/static_tf/hook/ament_prefix_path.ps1'
[-1787579692881711104.000s] INFO:colcon.colcon_core.shell:Creating environment descriptor '/home/zhany/ROS/test_ws/install/static_tf/share/static_tf/hook/ament_prefix_path.dsv'
[-1787579692881711104.000s] INFO:colcon.colcon_core.shell:Creating environment hook '/home/zhany/ROS/test_ws/install/static_tf/share/static_tf/hook/ament_prefix_path.sh'
[-1787579692881711104.000s] INFO:colcon.colcon_core.shell:Skip shell extension 'powershell' for command environment: Not usable outside of PowerShell
[-1787579692881711104.000s] DEBUG:colcon.colcon_core.shell:Skip shell extension 'dsv' for command environment
[-1787579692881711104.000s] INFO:colcon.colcon_ros.task.ament_python.build:Building ROS package in '/home/zhany/ROS/test_ws/src/temp_monitor' with build type 'ament_python'
[-1787579692881711104.000s] Level 1:colcon.colcon_core.shell:create_environment_hook('temp_monitor', 'ament_prefix_path')
[-1787579692881711104.000s] INFO:colcon.colcon_core.shell:Creating environment hook '/home/zhany/ROS/test_ws/install/temp_monitor/share/temp_monitor/hook/ament_prefix_path.ps1'
[-1787579692881711104.000s] INFO:colcon.colcon_core.shell:Creating environment descriptor '/home/zhany/ROS/test_ws/install/temp_monitor/share/temp_monitor/hook/ament_prefix_path.dsv'
[-1787579692881711104.000s] INFO:colcon.colcon_core.shell:Creating environment hook '/home/zhany/ROS/test_ws/install/temp_monitor/share/temp_monitor/hook/ament_prefix_path.sh'
[-1787579692881711104.000s] INFO:colcon.colcon_core.shell:Skip shell extension 'powershell' for command environment: Not usable outside of PowerShell
[-1787579692881711104.000s] DEBUG:colcon.colcon_core.shell:Skip shell extension 'dsv' for command environment
[-1787579692881711104.000s] INFO:colcon.colcon_ros.task.ament_cmake.build:Building ROS package in '/home/zhany/ROS/test_ws/src/temp_monitor_interfaces' with build type 'ament_cmake'
[-1787579692881711104.000s] INFO:colcon.colcon_cmake.task.cmake.build:Building CMake package in '/home/zhany/ROS/test_ws/src/temp_monitor_interfaces'
[-1787579692881711104.000s] INFO:colcon.colcon_core.shell:Skip shell extension 'powershell' for command environment: Not usable outside of PowerShell
[-1787579692881711104.000s] DEBUG:colcon.colcon_core.shell:Skip shell extension 'dsv' for command environment
[-1787579692881711104.000s] INFO:colcon.colcon_core.task.python.build:Building Python package in '/home/zhany/ROS/test_ws/src/static_tf'
[-1787579692881711104.000s] INFO:colcon.colcon_core.shell:Skip shell extension 'powershell' for command environment: Not usable outside of PowerShell
[-1787579692881711104.000s] DEBUG:colcon.colcon_core.shell:Skip shell extension 'dsv' for command environment
[-1787579692881711104.000s] INFO:colcon.colcon_core.task.python.build:Building Python package in '/home/zhany/ROS/test_ws/src/temp_monitor'
[-1787579692881711104.000s] INFO:colcon.colcon_core.shell:Skip shell extension 'powershell' for command environment: Not usable outside of PowerShell
[-1787579692881711104.000s] DEBUG:colcon.colcon_core.shell:Skip shell extension 'dsv' for command environment
[-1787579692881711104.000s] DEBUG:colcon.colcon_core.event_handler.log_command:Invoking command in '/home/zhany/ROS/test_ws/build/temp_monitor_interfaces': CMAKE_PREFIX_PATH=${CMAKE_PREFIX_PATH}:/home/zhany/ROS/test_ws/install/temp_monitor:/home/zhany/ROS/test_ws/install/static_tf:/opt/ros/lyrical DEBUGINFOD_URLS=https://debuginfod.ubuntu.com /usr/bin/cmake --build /home/zhany/ROS/test_ws/build/temp_monitor_interfaces -- -j32 -l32
[-1787579692881711104.000s] DEBUG:colcon.colcon_core.task.python.build:Available setuptools commands: update_catalog, compile_catalog, editable_wheel, symlink_data, bdist, install_scripts, check, build, dist_info, bdist_rpm, sdist, build_scripts, build_py, bdist_dumb, install, bdist_wheel, develop, alias, build_clib, clean, egg_info, install_lib, install_data, setopt, rotate, easy_install, extract_messages, install_egg_info, install_headers, build_ext, bdist_egg, init_catalog, saveopts
[-1787579692881711104.000s] DEBUG:colcon.colcon_core.event_handler.log_command:Invoking command in '/home/zhany/ROS/test_ws/src/temp_monitor': DEBUGINFOD_URLS=https://debuginfod.ubuntu.com PYTHONPATH=/home/zhany/ROS/test_ws/build/temp_monitor/prefix_override:/usr/lib/python3/dist-packages/colcon_core/task/python/colcon_distutils_commands:/home/zhany/ROS/test_ws/install/temp_monitor/lib/python3.14/site-packages:${PYTHONPATH} /usr/bin/python3 -W ignore:setup.py install is deprecated -W ignore:easy_install command is deprecated setup.py egg_info --egg-base ../../build/temp_monitor build --build-base /home/zhany/ROS/test_ws/build/temp_monitor/build install --record /home/zhany/ROS/test_ws/build/temp_monitor/install.log --install-scripts $base/lib/temp_monitor --single-version-externally-managed install_data
[-1787579692881711104.000s] DEBUG:colcon.colcon_core.task.python.build:Available setuptools commands: update_catalog, compile_catalog, editable_wheel, symlink_data, bdist, install_scripts, check, build, dist_info, bdist_rpm, sdist, build_scripts, build_py, bdist_dumb, install, bdist_wheel, develop, alias, build_clib, clean, egg_info, install_lib, install_data, setopt, rotate, easy_install, extract_messages, install_egg_info, install_headers, build_ext, bdist_egg, init_catalog, saveopts
[-1787579692881711104.000s] DEBUG:colcon.colcon_core.event_handler.log_command:Invoking command in '/home/zhany/ROS/test_ws/src/static_tf': DEBUGINFOD_URLS=https://debuginfod.ubuntu.com PYTHONPATH=/home/zhany/ROS/test_ws/build/static_tf/prefix_override:/usr/lib/python3/dist-packages/colcon_core/task/python/colcon_distutils_commands:/home/zhany/ROS/test_ws/install/static_tf/lib/python3.14/site-packages:${PYTHONPATH} /usr/bin/python3 -W ignore:setup.py install is deprecated -W ignore:easy_install command is deprecated setup.py egg_info --egg-base ../../build/static_tf build --build-base /home/zhany/ROS/test_ws/build/static_tf/build install --record /home/zhany/ROS/test_ws/build/static_tf/install.log --install-scripts $base/lib/static_tf --single-version-externally-managed install_data
[-1787579692881711104.000s] DEBUG:colcon.colcon_core.event_handler.log_command:Invoked command in '/home/zhany/ROS/test_ws/build/temp_monitor_interfaces' returned '0': CMAKE_PREFIX_PATH=${CMAKE_PREFIX_PATH}:/home/zhany/ROS/test_ws/install/temp_monitor:/home/zhany/ROS/test_ws/install/static_tf:/opt/ros/lyrical DEBUGINFOD_URLS=https://debuginfod.ubuntu.com /usr/bin/cmake --build /home/zhany/ROS/test_ws/build/temp_monitor_interfaces -- -j32 -l32
[-1787579692881711104.000s] DEBUG:colcon.colcon_core.event_handler.log_command:Invoking command in '/home/zhany/ROS/test_ws/build/temp_monitor_interfaces': CMAKE_PREFIX_PATH=${CMAKE_PREFIX_PATH}:/home/zhany/ROS/test_ws/install/temp_monitor:/home/zhany/ROS/test_ws/install/static_tf:/opt/ros/lyrical DEBUGINFOD_URLS=https://debuginfod.ubuntu.com /usr/bin/cmake --install /home/zhany/ROS/test_ws/build/temp_monitor_interfaces
[-1787579692881711104.000s] Level 1:colcon.colcon_core.environment:create_environment_scripts_only(temp_monitor_interfaces)
[-1787579692881711104.000s] DEBUG:colcon.colcon_core.event_handler.log_command:Invoked command in '/home/zhany/ROS/test_ws/build/temp_monitor_interfaces' returned '0': CMAKE_PREFIX_PATH=${CMAKE_PREFIX_PATH}:/home/zhany/ROS/test_ws/install/temp_monitor:/home/zhany/ROS/test_ws/install/static_tf:/opt/ros/lyrical DEBUGINFOD_URLS=https://debuginfod.ubuntu.com /usr/bin/cmake --install /home/zhany/ROS/test_ws/build/temp_monitor_interfaces
[-1787579692881711104.000s] Level 1:colcon.colcon_core.environment:checking '/home/zhany/ROS/test_ws/install/temp_monitor_interfaces' for CMake module files
[-1787579692881711104.000s] Level 1:colcon.colcon_core.environment:checking '/home/zhany/ROS/test_ws/install/temp_monitor_interfaces' for CMake config files
[-1787579692881711104.000s] Level 1:colcon.colcon_core.shell:create_environment_hook('temp_monitor_interfaces', 'cmake_prefix_path')
[-1787579692881711104.000s] INFO:colcon.colcon_core.shell:Creating environment hook '/home/zhany/ROS/test_ws/install/temp_monitor_interfaces/share/temp_monitor_interfaces/hook/cmake_prefix_path.ps1'
[-1787579692881711104.000s] INFO:colcon.colcon_core.shell:Creating environment descriptor '/home/zhany/ROS/test_ws/install/temp_monitor_interfaces/share/temp_monitor_interfaces/hook/cmake_prefix_path.dsv'
[-1787579692881711104.000s] INFO:colcon.colcon_core.shell:Creating environment hook '/home/zhany/ROS/test_ws/install/temp_monitor_interfaces/share/temp_monitor_interfaces/hook/cmake_prefix_path.sh'
[-1787579692881711104.000s] Level 1:colcon.colcon_core.environment:checking '/home/zhany/ROS/test_ws/install/temp_monitor_interfaces/lib'
[-1787579692881711104.000s] Level 1:colcon.colcon_core.shell:create_environment_hook('temp_monitor_interfaces', 'ld_library_path_lib')
[-1787579692881711104.000s] INFO:colcon.colcon_core.shell:Creating environment hook '/home/zhany/ROS/test_ws/install/temp_monitor_interfaces/share/temp_monitor_interfaces/hook/ld_library_path_lib.ps1'
[-1787579692881711104.000s] INFO:colcon.colcon_core.shell:Creating environment descriptor '/home/zhany/ROS/test_ws/install/temp_monitor_interfaces/share/temp_monitor_interfaces/hook/ld_library_path_lib.dsv'
[-1787579692881711104.000s] INFO:colcon.colcon_core.shell:Creating environment hook '/home/zhany/ROS/test_ws/install/temp_monitor_interfaces/share/temp_monitor_interfaces/hook/ld_library_path_lib.sh'
[-1787579692881711104.000s] Level 1:colcon.colcon_core.environment:checking '/home/zhany/ROS/test_ws/install/temp_monitor_interfaces/bin'
[-1787579692881711104.000s] Level 1:colcon.colcon_core.environment:checking '/home/zhany/ROS/test_ws/install/temp_monitor_interfaces/lib/pkgconfig/temp_monitor_interfaces.pc'
[-1787579692881711104.000s] Level 1:colcon.colcon_core.environment:checking '/home/zhany/ROS/test_ws/install/temp_monitor_interfaces/lib/python3.14/site-packages'
[-1787579692881711104.000s] Level 1:colcon.colcon_core.shell:create_environment_hook('temp_monitor_interfaces', 'pythonpath')
[-1787579692881711104.000s] INFO:colcon.colcon_core.shell:Creating environment hook '/home/zhany/ROS/test_ws/install/temp_monitor_interfaces/share/temp_monitor_interfaces/hook/pythonpath.ps1'
[-1787579692881711104.000s] INFO:colcon.colcon_core.shell:Creating environment descriptor '/home/zhany/ROS/test_ws/install/temp_monitor_interfaces/share/temp_monitor_interfaces/hook/pythonpath.dsv'
[-1787579692881711104.000s] INFO:colcon.colcon_core.shell:Creating environment hook '/home/zhany/ROS/test_ws/install/temp_monitor_interfaces/share/temp_monitor_interfaces/hook/pythonpath.sh'
[-1787579692881711104.000s] Level 1:colcon.colcon_core.environment:checking '/home/zhany/ROS/test_ws/install/temp_monitor_interfaces/bin'
[-1787579692881711104.000s] INFO:colcon.colcon_core.shell:Creating package script '/home/zhany/ROS/test_ws/install/temp_monitor_interfaces/share/temp_monitor_interfaces/package.ps1'
[-1787579692881711104.000s] INFO:colcon.colcon_core.shell:Creating package descriptor '/home/zhany/ROS/test_ws/install/temp_monitor_interfaces/share/temp_monitor_interfaces/package.dsv'
[-1787579692881711104.000s] INFO:colcon.colcon_core.shell:Creating package script '/home/zhany/ROS/test_ws/install/temp_monitor_interfaces/share/temp_monitor_interfaces/package.sh'
[-1787579692881711104.000s] INFO:colcon.colcon_core.shell:Creating package script '/home/zhany/ROS/test_ws/install/temp_monitor_interfaces/share/temp_monitor_interfaces/package.bash'
[-1787579692881711104.000s] INFO:colcon.colcon_core.shell:Creating package script '/home/zhany/ROS/test_ws/install/temp_monitor_interfaces/share/temp_monitor_interfaces/package.zsh'
[-1787579692881711104.000s] Level 1:colcon.colcon_core.environment:create_file_with_runtime_dependencies(/home/zhany/ROS/test_ws/install/temp_monitor_interfaces/share/colcon-core/packages/temp_monitor_interfaces)
[-1787579692881711104.000s] Level 1:colcon.colcon_core.environment:create_environment_scripts_only(temp_monitor_interfaces)
[-1787579692881711104.000s] Level 1:colcon.colcon_core.environment:checking '/home/zhany/ROS/test_ws/install/temp_monitor_interfaces' for CMake module files
[-1787579692881711104.000s] Level 1:colcon.colcon_core.environment:checking '/home/zhany/ROS/test_ws/install/temp_monitor_interfaces' for CMake config files
[-1787579692881711104.000s] Level 1:colcon.colcon_core.shell:create_environment_hook('temp_monitor_interfaces', 'cmake_prefix_path')
[-1787579692881711104.000s] INFO:colcon.colcon_core.shell:Creating environment hook '/home/zhany/ROS/test_ws/install/temp_monitor_interfaces/share/temp_monitor_interfaces/hook/cmake_prefix_path.ps1'
[-1787579692881711104.000s] INFO:colcon.colcon_core.shell:Creating environment descriptor '/home/zhany/ROS/test_ws/install/temp_monitor_interfaces/share/temp_monitor_interfaces/hook/cmake_prefix_path.dsv'
[-1787579692881711104.000s] INFO:colcon.colcon_core.shell:Creating environment hook '/home/zhany/ROS/test_ws/install/temp_monitor_interfaces/share/temp_monitor_interfaces/hook/cmake_prefix_path.sh'
[-1787579692881711104.000s] Level 1:colcon.colcon_core.environment:checking '/home/zhany/ROS/test_ws/install/temp_monitor_interfaces/lib'
[-1787579692881711104.000s] Level 1:colcon.colcon_core.shell:create_environment_hook('temp_monitor_interfaces', 'ld_library_path_lib')
[-1787579692881711104.000s] INFO:colcon.colcon_core.shell:Creating environment hook '/home/zhany/ROS/test_ws/install/temp_monitor_interfaces/share/temp_monitor_interfaces/hook/ld_library_path_lib.ps1'
[-1787579692881711104.000s] INFO:colcon.colcon_core.shell:Creating environment descriptor '/home/zhany/ROS/test_ws/install/temp_monitor_interfaces/share/temp_monitor_interfaces/hook/ld_library_path_lib.dsv'
[-1787579692881711104.000s] INFO:colcon.colcon_core.shell:Creating environment hook '/home/zhany/ROS/test_ws/install/temp_monitor_interfaces/share/temp_monitor_interfaces/hook/ld_library_path_lib.sh'
[-1787579692881711104.000s] Level 1:colcon.colcon_core.environment:checking '/home/zhany/ROS/test_ws/install/temp_monitor_interfaces/bin'
[-1787579692881711104.000s] Level 1:colcon.colcon_core.environment:checking '/home/zhany/ROS/test_ws/install/temp_monitor_interfaces/lib/pkgconfig/temp_monitor_interfaces.pc'
[-1787579692881711104.000s] Level 1:colcon.colcon_core.environment:checking '/home/zhany/ROS/test_ws/install/temp_monitor_interfaces/lib/python3.14/site-packages'
[-1787579692881711104.000s] Level 1:colcon.colcon_core.shell:create_environment_hook('temp_monitor_interfaces', 'pythonpath')
[-1787579692881711104.000s] INFO:colcon.colcon_core.shell:Creating environment hook '/home/zhany/ROS/test_ws/install/temp_monitor_interfaces/share/temp_monitor_interfaces/hook/pythonpath.ps1'
[-1787579692881711104.000s] INFO:colcon.colcon_core.shell:Creating environment descriptor '/home/zhany/ROS/test_ws/install/temp_monitor_interfaces/share/temp_monitor_interfaces/hook/pythonpath.dsv'
[-1787579692881711104.000s] INFO:colcon.colcon_core.shell:Creating environment hook '/home/zhany/ROS/test_ws/install/temp_monitor_interfaces/share/temp_monitor_interfaces/hook/pythonpath.sh'
[-1787579692881711104.000s] Level 1:colcon.colcon_core.environment:checking '/home/zhany/ROS/test_ws/install/temp_monitor_interfaces/bin'
[-1787579692881711104.000s] INFO:colcon.colcon_core.shell:Creating package script '/home/zhany/ROS/test_ws/install/temp_monitor_interfaces/share/temp_monitor_interfaces/package.ps1'
[-1787579692881711104.000s] INFO:colcon.colcon_core.shell:Creating package descriptor '/home/zhany/ROS/test_ws/install/temp_monitor_interfaces/share/temp_monitor_interfaces/package.dsv'
[-1787579692881711104.000s] INFO:colcon.colcon_core.shell:Creating package script '/home/zhany/ROS/test_ws/install/temp_monitor_interfaces/share/temp_monitor_interfaces/package.sh'
[-1787579692881711104.000s] INFO:colcon.colcon_core.shell:Creating package script '/home/zhany/ROS/test_ws/install/temp_monitor_interfaces/share/temp_monitor_interfaces/package.bash'
[-1787579692881711104.000s] INFO:colcon.colcon_core.shell:Creating package script '/home/zhany/ROS/test_ws/install/temp_monitor_interfaces/share/temp_monitor_interfaces/package.zsh'
[-1787579692881711104.000s] Level 1:colcon.colcon_core.environment:create_file_with_runtime_dependencies(/home/zhany/ROS/test_ws/install/temp_monitor_interfaces/share/colcon-core/packages/temp_monitor_interfaces)
[-1787579692881711104.000s] Level 1:colcon.colcon_core.environment:checking '/home/zhany/ROS/test_ws/install/temp_monitor' for CMake module files
[-1787579692881711104.000s] DEBUG:colcon.colcon_core.event_handler.log_command:Invoked command in '/home/zhany/ROS/test_ws/src/temp_monitor' returned '0': DEBUGINFOD_URLS=https://debuginfod.ubuntu.com PYTHONPATH=/home/zhany/ROS/test_ws/build/temp_monitor/prefix_override:/usr/lib/python3/dist-packages/colcon_core/task/python/colcon_distutils_commands:/home/zhany/ROS/test_ws/install/temp_monitor/lib/python3.14/site-packages:${PYTHONPATH} /usr/bin/python3 -W ignore:setup.py install is deprecated -W ignore:easy_install command is deprecated setup.py egg_info --egg-base ../../build/temp_monitor build --build-base /home/zhany/ROS/test_ws/build/temp_monitor/build install --record /home/zhany/ROS/test_ws/build/temp_monitor/install.log --install-scripts $base/lib/temp_monitor --single-version-externally-managed install_data
[-1787579692881711104.000s] Level 1:colcon.colcon_core.environment:checking '/home/zhany/ROS/test_ws/install/temp_monitor' for CMake config files
[-1787579692881711104.000s] Level 1:colcon.colcon_core.environment:checking '/home/zhany/ROS/test_ws/install/temp_monitor/lib'
[-1787579692881711104.000s] Level 1:colcon.colcon_core.environment:checking '/home/zhany/ROS/test_ws/install/temp_monitor/bin'
[-1787579692881711104.000s] Level 1:colcon.colcon_core.environment:checking '/home/zhany/ROS/test_ws/install/temp_monitor/lib/pkgconfig/temp_monitor.pc'
[-1787579692881711104.000s] Level 1:colcon.colcon_core.environment:checking '/home/zhany/ROS/test_ws/install/temp_monitor/lib/python3.14/site-packages'
[-1787579692881711104.000s] Level 1:colcon.colcon_core.shell:create_environment_hook('temp_monitor', 'pythonpath')
[-1787579692881711104.000s] INFO:colcon.colcon_core.shell:Creating environment hook '/home/zhany/ROS/test_ws/install/temp_monitor/share/temp_monitor/hook/pythonpath.ps1'
[-1787579692881711104.000s] INFO:colcon.colcon_core.shell:Creating environment descriptor '/home/zhany/ROS/test_ws/install/temp_monitor/share/temp_monitor/hook/pythonpath.dsv'
[-1787579692881711104.000s] INFO:colcon.colcon_core.shell:Creating environment hook '/home/zhany/ROS/test_ws/install/temp_monitor/share/temp_monitor/hook/pythonpath.sh'
[-1787579692881711104.000s] Level 1:colcon.colcon_core.environment:checking '/home/zhany/ROS/test_ws/install/temp_monitor/bin'
[-1787579692881711104.000s] Level 1:colcon.colcon_core.environment:create_environment_scripts_only(temp_monitor)
[-1787579692881711104.000s] INFO:colcon.colcon_core.shell:Creating package script '/home/zhany/ROS/test_ws/install/temp_monitor/share/temp_monitor/package.ps1'
[-1787579692881711104.000s] INFO:colcon.colcon_core.shell:Creating package descriptor '/home/zhany/ROS/test_ws/install/temp_monitor/share/temp_monitor/package.dsv'
[-1787579692881711104.000s] INFO:colcon.colcon_core.shell:Creating package script '/home/zhany/ROS/test_ws/install/temp_monitor/share/temp_monitor/package.sh'
[-1787579692881711104.000s] INFO:colcon.colcon_core.shell:Creating package script '/home/zhany/ROS/test_ws/install/temp_monitor/share/temp_monitor/package.bash'
[-1787579692881711104.000s] INFO:colcon.colcon_core.shell:Creating package script '/home/zhany/ROS/test_ws/install/temp_monitor/share/temp_monitor/package.zsh'
[-1787579692881711104.000s] Level 1:colcon.colcon_core.environment:create_file_with_runtime_dependencies(/home/zhany/ROS/test_ws/install/temp_monitor/share/colcon-core/packages/temp_monitor)
[-1787579692881711104.000s] Level 1:colcon.colcon_core.environment:checking '/home/zhany/ROS/test_ws/install/static_tf' for CMake module files
[-1787579692881711104.000s] Level 1:colcon.colcon_core.environment:checking '/home/zhany/ROS/test_ws/install/static_tf' for CMake config files
[-1787579692881711104.000s] DEBUG:colcon.colcon_core.event_handler.log_command:Invoked command in '/home/zhany/ROS/test_ws/src/static_tf' returned '0': DEBUGINFOD_URLS=https://debuginfod.ubuntu.com PYTHONPATH=/home/zhany/ROS/test_ws/build/static_tf/prefix_override:/usr/lib/python3/dist-packages/colcon_core/task/python/colcon_distutils_commands:/home/zhany/ROS/test_ws/install/static_tf/lib/python3.14/site-packages:${PYTHONPATH} /usr/bin/python3 -W ignore:setup.py install is deprecated -W ignore:easy_install command is deprecated setup.py egg_info --egg-base ../../build/static_tf build --build-base /home/zhany/ROS/test_ws/build/static_tf/build install --record /home/zhany/ROS/test_ws/build/static_tf/install.log --install-scripts $base/lib/static_tf --single-version-externally-managed install_data
[-1787579692881711104.000s] Level 1:colcon.colcon_core.environment:checking '/home/zhany/ROS/test_ws/install/static_tf/lib'
[-1787579692881711104.000s] Level 1:colcon.colcon_core.environment:checking '/home/zhany/ROS/test_ws/install/static_tf/bin'
[-1787579692881711104.000s] Level 1:colcon.colcon_core.environment:checking '/home/zhany/ROS/test_ws/install/static_tf/lib/pkgconfig/static_tf.pc'
[-1787579692881711104.000s] Level 1:colcon.colcon_core.environment:checking '/home/zhany/ROS/test_ws/install/static_tf/lib/python3.14/site-packages'
[-1787579692881711104.000s] Level 1:colcon.colcon_core.shell:create_environment_hook('static_tf', 'pythonpath')
[-1787579692881711104.000s] INFO:colcon.colcon_core.shell:Creating environment hook '/home/zhany/ROS/test_ws/install/static_tf/share/static_tf/hook/pythonpath.ps1'
[-1787579692881711104.000s] INFO:colcon.colcon_core.shell:Creating environment descriptor '/home/zhany/ROS/test_ws/install/static_tf/share/static_tf/hook/pythonpath.dsv'
[-1787579692881711104.000s] INFO:colcon.colcon_core.shell:Creating environment hook '/home/zhany/ROS/test_ws/install/static_tf/share/static_tf/hook/pythonpath.sh'
[-1787579692881711104.000s] Level 1:colcon.colcon_core.environment:checking '/home/zhany/ROS/test_ws/install/static_tf/bin'
[-1787579692881711104.000s] Level 1:colcon.colcon_core.environment:create_environment_scripts_only(static_tf)
[-1787579692881711104.000s] INFO:colcon.colcon_core.shell:Creating package script '/home/zhany/ROS/test_ws/install/static_tf/share/static_tf/package.ps1'
[-1787579692881711104.000s] INFO:colcon.colcon_core.shell:Creating package descriptor '/home/zhany/ROS/test_ws/install/static_tf/share/static_tf/package.dsv'
[-1787579692881711104.000s] INFO:colcon.colcon_core.shell:Creating package script '/home/zhany/ROS/test_ws/install/static_tf/share/static_tf/package.sh'
[-1787579692881711104.000s] INFO:colcon.colcon_core.shell:Creating package script '/home/zhany/ROS/test_ws/install/static_tf/share/static_tf/package.bash'
[-1787579692881711104.000s] INFO:colcon.colcon_core.shell:Creating package script '/home/zhany/ROS/test_ws/install/static_tf/share/static_tf/package.zsh'
[-1787579692881711104.000s] Level 1:colcon.colcon_core.environment:create_file_with_runtime_dependencies(/home/zhany/ROS/test_ws/install/static_tf/share/colcon-core/packages/static_tf)
[-1787579692881711104.000s] DEBUG:colcon.colcon_parallel_executor.executor.parallel:closing loop
[-1787579692881711104.000s] DEBUG:colcon.colcon_parallel_executor.executor.parallel:loop closed
[-1787579692881711104.000s] DEBUG:colcon.colcon_parallel_executor.executor.parallel:run_until_complete finished with '0'
[-1787579692881711104.000s] DEBUG:colcon.colcon_core.event_reactor:joining thread
[-1787579692881711104.000s] INFO:colcon.colcon_core.plugin_system:Skipping extension 'colcon_notification.desktop_notification.terminal_notifier': Not used on non-Darwin systems
[-1787579692881711104.000s] INFO:colcon.colcon_core.plugin_system:Skipping extension 'colcon_notification.desktop_notification.win32': Not used on non-Windows systems
[-1787579692881711104.000s] INFO:colcon.colcon_notification.desktop_notification:Sending desktop notification using 'notify2'
[-1787579692881711104.000s] DEBUG:colcon.colcon_core.event_reactor:joined thread
[-1787579692881711104.000s] INFO:colcon.colcon_core.shell:Creating prefix script '/home/zhany/ROS/test_ws/install/local_setup.ps1'
[-1787579692881711104.000s] INFO:colcon.colcon_core.shell:Creating prefix util module '/home/zhany/ROS/test_ws/install/_local_setup_util_ps1.py'
[-1787579692881711104.000s] INFO:colcon.colcon_core.shell:Creating prefix chain script '/home/zhany/ROS/test_ws/install/setup.ps1'
[-1787579692881711104.000s] INFO:colcon.colcon_core.shell:Creating prefix script '/home/zhany/ROS/test_ws/install/local_setup.sh'
[-1787579692881711104.000s] INFO:colcon.colcon_core.shell:Creating prefix util module '/home/zhany/ROS/test_ws/install/_local_setup_util_sh.py'
[-1787579692881711104.000s] INFO:colcon.colcon_core.shell:Creating prefix chain script '/home/zhany/ROS/test_ws/install/setup.sh'
[-1787579692881711104.000s] INFO:colcon.colcon_core.shell:Creating prefix script '/home/zhany/ROS/test_ws/install/local_setup.bash'
[-1787579692881711104.000s] INFO:colcon.colcon_core.shell:Creating prefix chain script '/home/zhany/ROS/test_ws/install/setup.bash'
[-1787579692881711104.000s] INFO:colcon.colcon_core.shell:Creating prefix script '/home/zhany/ROS/test_ws/install/local_setup.zsh'
[-1787579692881711104.000s] INFO:colcon.colcon_core.shell:Creating prefix chain script '/home/zhany/ROS/test_ws/install/setup.zsh'
