-- The C compiler identification is GNU 15.2.0
-- The CXX compiler identification is GNU 15.2.0
-- Detecting C compiler ABI info
-- Detecting C compiler ABI info - done
-- Check for working C compiler: /usr/bin/cc - skipped
-- Detecting C compile features
-- Detecting C compile features - done
-- Detecting CXX compiler ABI info
-- Detecting CXX compiler ABI info - done
-- Check for working CXX compiler: /usr/bin/c++ - skipped
-- Detecting CXX compile features
-- Detecting CXX compile features - done
-- Found ament_cmake: 2.8.8 (/opt/ros/lyrical/share/ament_cmake/cmake)
-- Found rosidl_default_generators: 1.8.1 (/opt/ros/lyrical/share/rosidl_default_generators/cmake)
-- Using all available rosidl_typesupport_c: rosidl_typesupport_fastrtps_c;rosidl_typesupport_introspection_c
-- Using all available rosidl_typesupport_cpp: rosidl_typesupport_fastrtps_cpp;rosidl_typesupport_introspection_cpp
-- Found rosidl_adapter: 5.2.1 (/opt/ros/lyrical/share/rosidl_adapter/cmake)
-- Found Python3: /usr/bin/python3 (found version "3.14.4") found components: Interpreter
-- Using all available rosidl_typesupport_c: rosidl_typesupport_fastrtps_c;rosidl_typesupport_introspection_c
-- Using all available rosidl_typesupport_cpp: rosidl_typesupport_fastrtps_cpp;rosidl_typesupport_introspection_cpp
-- Found Python3: /usr/bin/python3 (found version "3.14.4") found components: Interpreter Development NumPy Development.Module Development.Embed
-- Found Python3: /usr/bin/python3 (found version "3.14.4") found components: Interpreter
-- Found ament_lint_auto: 0.20.6 (/opt/ros/lyrical/share/ament_lint_auto/cmake)
-- Added test 'lint_cmake' to check CMake code style
-- Added test 'xmllint' to check XML markup files
-- Configuring done (1.8s)
-- Generating done (0.0s)
-- Build files have been written to: /home/zhany/ROS/test_ws/build/temp_monitor_interfaces
[  2%] [1m[34mGenerating Rust code for ROS interfaces[0m
[  5%] [1m[34mGenerating type hashes for ROS interfaces[0m
[  5%] Built target temp_monitor_interfaces__rosidl_generator_type_description
[  8%] [1m[34mGenerating C code for ROS interfaces[0m
[ 11%] [1m[34mGenerating C++ code for ROS interfaces[0m
[ 11%] Built target temp_monitor_interfaces__rs
[ 11%] Built target temp_monitor_interfaces__cpp
[ 14%] [32mBuilding C object CMakeFiles/temp_monitor_interfaces__rosidl_generator_c.dir/rosidl_generator_c/temp_monitor_interfaces/srv/detail/search__type_support.c.o[0m
[ 20%] [32mBuilding C object CMakeFiles/temp_monitor_interfaces__rosidl_generator_c.dir/rosidl_generator_c/temp_monitor_interfaces/srv/detail/search__description.c.o[0m
[ 20%] [32mBuilding C object CMakeFiles/temp_monitor_interfaces__rosidl_generator_c.dir/rosidl_generator_c/temp_monitor_interfaces/srv/detail/search__functions.c.o[0m
[ 22%] [1m[32mLinking C shared library libtemp_monitor_interfaces__rosidl_generator_c.so[0m
[ 22%] Built target temp_monitor_interfaces__rosidl_generator_c
[ 25%] [1m[34mGenerating C++ type support for eProsima Fast-RTPS[0m
[ 34%] [1m[34mGenerating C++ introspection for ROS interfaces[0m
[ 37%] [1m[34mGenerating C introspection for ROS interfaces[0m
[ 37%] [1m[34mGenerating C++ type support dispatch for ROS interfaces[0m
[ 37%] [1m[34mGenerating C type support dispatch for ROS interfaces[0m
[ 40%] [1m[34mGenerating C type support for eProsima Fast-RTPS[0m
[ 45%] [32mBuilding CXX object CMakeFiles/temp_monitor_interfaces__rosidl_typesupport_c.dir/rosidl_typesupport_c/temp_monitor_interfaces/srv/search__type_support.cpp.o[0m
[ 45%] [32mBuilding CXX object CMakeFiles/temp_monitor_interfaces__rosidl_typesupport_cpp.dir/rosidl_typesupport_cpp/temp_monitor_interfaces/srv/search__type_support.cpp.o[0m
[ 48%] [32mBuilding CXX object CMakeFiles/temp_monitor_interfaces__rosidl_typesupport_introspection_cpp.dir/rosidl_typesupport_introspection_cpp/temp_monitor_interfaces/srv/detail/search__type_support.cpp.o[0m
[ 51%] [32mBuilding C object CMakeFiles/temp_monitor_interfaces__rosidl_typesupport_introspection_c.dir/rosidl_typesupport_introspection_c/temp_monitor_interfaces/srv/detail/search__type_support.c.o[0m
[ 54%] [1m[32mLinking CXX shared library libtemp_monitor_interfaces__rosidl_typesupport_c.so[0m
[ 57%] [32mBuilding CXX object CMakeFiles/temp_monitor_interfaces__rosidl_typesupport_fastrtps_cpp.dir/rosidl_typesupport_fastrtps_cpp/temp_monitor_interfaces/srv/detail/dds_fastrtps/search__type_support.cpp.o[0m
[ 60%] [1m[32mLinking C shared library libtemp_monitor_interfaces__rosidl_typesupport_introspection_c.so[0m
[ 60%] Built target temp_monitor_interfaces__rosidl_typesupport_c
[ 62%] [32mBuilding CXX object CMakeFiles/temp_monitor_interfaces__rosidl_typesupport_fastrtps_c.dir/rosidl_typesupport_fastrtps_c/temp_monitor_interfaces/srv/detail/search__type_support_c.cpp.o[0m
[ 62%] Built target temp_monitor_interfaces__rosidl_typesupport_introspection_c
[ 65%] [1m[32mLinking CXX shared library libtemp_monitor_interfaces__rosidl_typesupport_cpp.so[0m
[ 65%] Built target temp_monitor_interfaces__rosidl_typesupport_cpp
[ 68%] [1m[32mLinking CXX shared library libtemp_monitor_interfaces__rosidl_typesupport_introspection_cpp.so[0m
[ 71%] [1m[32mLinking CXX shared library libtemp_monitor_interfaces__rosidl_typesupport_fastrtps_c.so[0m
[ 71%] Built target temp_monitor_interfaces__rosidl_typesupport_introspection_cpp
[ 71%] Built target temp_monitor_interfaces__rosidl_typesupport_fastrtps_c
[ 74%] [1m[32mLinking CXX shared library libtemp_monitor_interfaces__rosidl_typesupport_fastrtps_cpp.so[0m
[ 74%] Built target temp_monitor_interfaces__rosidl_typesupport_fastrtps_cpp
[ 74%] Built target temp_monitor_interfaces
[ 77%] [1m[34mGenerating Python code for ROS interfaces[0m
[ 77%] Built target temp_monitor_interfaces__py
[ 80%] [32mBuilding C object CMakeFiles/temp_monitor_interfaces__rosidl_generator_py.dir/rosidl_generator_py/temp_monitor_interfaces/srv/_search_s.c.o[0m
[ 80%] Built target ament_cmake_python_sync_temp_monitor_interfaces
[ 82%] [1m[32mLinking C shared library libtemp_monitor_interfaces__rosidl_generator_py.so[0m
running egg_info
[ 82%] Built target temp_monitor_interfaces__rosidl_generator_py
creating temp_monitor_interfaces.egg-info
writing temp_monitor_interfaces.egg-info/PKG-INFO
writing dependency_links to temp_monitor_interfaces.egg-info/dependency_links.txt
writing top-level names to temp_monitor_interfaces.egg-info/top_level.txt
writing manifest file 'temp_monitor_interfaces.egg-info/SOURCES.txt'
[ 85%] [32mBuilding C object CMakeFiles/temp_monitor_interfaces_s__rosidl_typesupport_introspection_c.dir/rosidl_generator_py/temp_monitor_interfaces/_temp_monitor_interfaces_s.ep.rosidl_typesupport_introspection_c.c.o[0m
[ 88%] [32mBuilding C object CMakeFiles/temp_monitor_interfaces_s__rosidl_typesupport_fastrtps_c.dir/rosidl_generator_py/temp_monitor_interfaces/_temp_monitor_interfaces_s.ep.rosidl_typesupport_fastrtps_c.c.o[0m
[ 91%] [32mBuilding C object CMakeFiles/temp_monitor_interfaces_s__rosidl_typesupport_c.dir/rosidl_generator_py/temp_monitor_interfaces/_temp_monitor_interfaces_s.ep.rosidl_typesupport_c.c.o[0m
reading manifest file 'temp_monitor_interfaces.egg-info/SOURCES.txt'
writing manifest file 'temp_monitor_interfaces.egg-info/SOURCES.txt'
[ 91%] Built target ament_cmake_python_build_temp_monitor_interfaces_egg
[ 94%] [1m[32mLinking C shared module rosidl_generator_py/temp_monitor_interfaces/temp_monitor_interfaces_s__rosidl_typesupport_introspection_c.so[0m
[ 97%] [1m[32mLinking C shared module rosidl_generator_py/temp_monitor_interfaces/temp_monitor_interfaces_s__rosidl_typesupport_c.so[0m
[100%] [1m[32mLinking C shared module rosidl_generator_py/temp_monitor_interfaces/temp_monitor_interfaces_s__rosidl_typesupport_fastrtps_c.so[0m
[100%] Built target temp_monitor_interfaces_s__rosidl_typesupport_introspection_c
[100%] Built target temp_monitor_interfaces_s__rosidl_typesupport_c
[100%] Built target temp_monitor_interfaces_s__rosidl_typesupport_fastrtps_c
-- Install configuration: ""
-- Installing: /home/zhany/ROS/test_ws/install/temp_monitor_interfaces/share/ament_index/resource_index/rosidl_interfaces/temp_monitor_interfaces
-- Installing: /home/zhany/ROS/test_ws/install/temp_monitor_interfaces/share/temp_monitor_interfaces/srv/Search.json
-- Installing: /home/zhany/ROS/test_ws/install/temp_monitor_interfaces/include/temp_monitor_interfaces/temp_monitor_interfaces
-- Installing: /home/zhany/ROS/test_ws/install/temp_monitor_interfaces/include/temp_monitor_interfaces/temp_monitor_interfaces/srv
-- Installing: /home/zhany/ROS/test_ws/install/temp_monitor_interfaces/include/temp_monitor_interfaces/temp_monitor_interfaces/srv/detail
-- Installing: /home/zhany/ROS/test_ws/install/temp_monitor_interfaces/include/temp_monitor_interfaces/temp_monitor_interfaces/srv/detail/search__functions.h
-- Installing: /home/zhany/ROS/test_ws/install/temp_monitor_interfaces/include/temp_monitor_interfaces/temp_monitor_interfaces/srv/detail/search__description.c
-- Installing: /home/zhany/ROS/test_ws/install/temp_monitor_interfaces/include/temp_monitor_interfaces/temp_monitor_interfaces/srv/detail/search__type_support.h
-- Installing: /home/zhany/ROS/test_ws/install/temp_monitor_interfaces/include/temp_monitor_interfaces/temp_monitor_interfaces/srv/detail/search__functions.c
-- Installing: /home/zhany/ROS/test_ws/install/temp_monitor_interfaces/include/temp_monitor_interfaces/temp_monitor_interfaces/srv/detail/search__type_support.c
-- Installing: /home/zhany/ROS/test_ws/install/temp_monitor_interfaces/include/temp_monitor_interfaces/temp_monitor_interfaces/srv/detail/search__struct.h
-- Installing: /home/zhany/ROS/test_ws/install/temp_monitor_interfaces/include/temp_monitor_interfaces/temp_monitor_interfaces/srv/search.h
-- Installing: /home/zhany/ROS/test_ws/install/temp_monitor_interfaces/include/temp_monitor_interfaces/temp_monitor_interfaces/msg
-- Installing: /home/zhany/ROS/test_ws/install/temp_monitor_interfaces/include/temp_monitor_interfaces/temp_monitor_interfaces/msg/rosidl_generator_c__visibility_control.h
-- Installing: /home/zhany/ROS/test_ws/install/temp_monitor_interfaces/share/temp_monitor_interfaces/environment/library_path.sh
-- Installing: /home/zhany/ROS/test_ws/install/temp_monitor_interfaces/share/temp_monitor_interfaces/environment/library_path.dsv
-- Installing: /home/zhany/ROS/test_ws/install/temp_monitor_interfaces/lib/libtemp_monitor_interfaces__rosidl_generator_c.so
-- Set non-toolchain portion of runtime path of "/home/zhany/ROS/test_ws/install/temp_monitor_interfaces/lib/libtemp_monitor_interfaces__rosidl_generator_c.so" to ""
-- Up-to-date: /home/zhany/ROS/test_ws/install/temp_monitor_interfaces/include/temp_monitor_interfaces/temp_monitor_interfaces
-- Up-to-date: /home/zhany/ROS/test_ws/install/temp_monitor_interfaces/include/temp_monitor_interfaces/temp_monitor_interfaces/srv
-- Up-to-date: /home/zhany/ROS/test_ws/install/temp_monitor_interfaces/include/temp_monitor_interfaces/temp_monitor_interfaces/srv/detail
-- Installing: /home/zhany/ROS/test_ws/install/temp_monitor_interfaces/include/temp_monitor_interfaces/temp_monitor_interfaces/srv/detail/search__rosidl_typesupport_fastrtps_c.h
-- Up-to-date: /home/zhany/ROS/test_ws/install/temp_monitor_interfaces/include/temp_monitor_interfaces/temp_monitor_interfaces/msg
-- Installing: /home/zhany/ROS/test_ws/install/temp_monitor_interfaces/include/temp_monitor_interfaces/temp_monitor_interfaces/msg/rosidl_typesupport_fastrtps_c__visibility_control.h
-- Installing: /home/zhany/ROS/test_ws/install/temp_monitor_interfaces/lib/libtemp_monitor_interfaces__rosidl_typesupport_fastrtps_c.so
-- Set non-toolchain portion of runtime path of "/home/zhany/ROS/test_ws/install/temp_monitor_interfaces/lib/libtemp_monitor_interfaces__rosidl_typesupport_fastrtps_c.so" to ""
-- Up-to-date: /home/zhany/ROS/test_ws/install/temp_monitor_interfaces/include/temp_monitor_interfaces/temp_monitor_interfaces
-- Up-to-date: /home/zhany/ROS/test_ws/install/temp_monitor_interfaces/include/temp_monitor_interfaces/temp_monitor_interfaces/srv
-- Up-to-date: /home/zhany/ROS/test_ws/install/temp_monitor_interfaces/include/temp_monitor_interfaces/temp_monitor_interfaces/srv/detail
-- Installing: /home/zhany/ROS/test_ws/install/temp_monitor_interfaces/include/temp_monitor_interfaces/temp_monitor_interfaces/srv/detail/search__rosidl_typesupport_introspection_c.h
-- Installing: /home/zhany/ROS/test_ws/install/temp_monitor_interfaces/include/temp_monitor_interfaces/temp_monitor_interfaces/srv/detail/search__type_support.c
-- Up-to-date: /home/zhany/ROS/test_ws/install/temp_monitor_interfaces/include/temp_monitor_interfaces/temp_monitor_interfaces/msg
-- Installing: /home/zhany/ROS/test_ws/install/temp_monitor_interfaces/include/temp_monitor_interfaces/temp_monitor_interfaces/msg/rosidl_typesupport_introspection_c__visibility_control.h
-- Installing: /home/zhany/ROS/test_ws/install/temp_monitor_interfaces/lib/libtemp_monitor_interfaces__rosidl_typesupport_introspection_c.so
-- Set non-toolchain portion of runtime path of "/home/zhany/ROS/test_ws/install/temp_monitor_interfaces/lib/libtemp_monitor_interfaces__rosidl_typesupport_introspection_c.so" to ""
-- Installing: /home/zhany/ROS/test_ws/install/temp_monitor_interfaces/lib/libtemp_monitor_interfaces__rosidl_typesupport_c.so
-- Set non-toolchain portion of runtime path of "/home/zhany/ROS/test_ws/install/temp_monitor_interfaces/lib/libtemp_monitor_interfaces__rosidl_typesupport_c.so" to ""
-- Up-to-date: /home/zhany/ROS/test_ws/install/temp_monitor_interfaces/include/temp_monitor_interfaces/temp_monitor_interfaces
-- Up-to-date: /home/zhany/ROS/test_ws/install/temp_monitor_interfaces/include/temp_monitor_interfaces/temp_monitor_interfaces/srv
-- Up-to-date: /home/zhany/ROS/test_ws/install/temp_monitor_interfaces/include/temp_monitor_interfaces/temp_monitor_interfaces/srv/detail
-- Installing: /home/zhany/ROS/test_ws/install/temp_monitor_interfaces/include/temp_monitor_interfaces/temp_monitor_interfaces/srv/detail/search__type_support.hpp
-- Installing: /home/zhany/ROS/test_ws/install/temp_monitor_interfaces/include/temp_monitor_interfaces/temp_monitor_interfaces/srv/detail/search__struct.hpp
-- Installing: /home/zhany/ROS/test_ws/install/temp_monitor_interfaces/include/temp_monitor_interfaces/temp_monitor_interfaces/srv/detail/search__builder.hpp
-- Installing: /home/zhany/ROS/test_ws/install/temp_monitor_interfaces/include/temp_monitor_interfaces/temp_monitor_interfaces/srv/detail/search__traits.hpp
-- Installing: /home/zhany/ROS/test_ws/install/temp_monitor_interfaces/include/temp_monitor_interfaces/temp_monitor_interfaces/srv/search.hpp
-- Up-to-date: /home/zhany/ROS/test_ws/install/temp_monitor_interfaces/include/temp_monitor_interfaces/temp_monitor_interfaces/msg
-- Installing: /home/zhany/ROS/test_ws/install/temp_monitor_interfaces/include/temp_monitor_interfaces/temp_monitor_interfaces/msg/rosidl_generator_cpp__visibility_control.hpp
-- Up-to-date: /home/zhany/ROS/test_ws/install/temp_monitor_interfaces/include/temp_monitor_interfaces/temp_monitor_interfaces
-- Up-to-date: /home/zhany/ROS/test_ws/install/temp_monitor_interfaces/include/temp_monitor_interfaces/temp_monitor_interfaces/srv
-- Up-to-date: /home/zhany/ROS/test_ws/install/temp_monitor_interfaces/include/temp_monitor_interfaces/temp_monitor_interfaces/srv/detail
-- Installing: /home/zhany/ROS/test_ws/install/temp_monitor_interfaces/include/temp_monitor_interfaces/temp_monitor_interfaces/srv/detail/search__rosidl_typesupport_fastrtps_cpp.hpp
-- Installing: /home/zhany/ROS/test_ws/install/temp_monitor_interfaces/include/temp_monitor_interfaces/temp_monitor_interfaces/srv/detail/dds_fastrtps
-- Up-to-date: /home/zhany/ROS/test_ws/install/temp_monitor_interfaces/include/temp_monitor_interfaces/temp_monitor_interfaces/msg
-- Installing: /home/zhany/ROS/test_ws/install/temp_monitor_interfaces/include/temp_monitor_interfaces/temp_monitor_interfaces/msg/rosidl_typesupport_fastrtps_cpp__visibility_control.h
-- Installing: /home/zhany/ROS/test_ws/install/temp_monitor_interfaces/lib/libtemp_monitor_interfaces__rosidl_typesupport_fastrtps_cpp.so
-- Set non-toolchain portion of runtime path of "/home/zhany/ROS/test_ws/install/temp_monitor_interfaces/lib/libtemp_monitor_interfaces__rosidl_typesupport_fastrtps_cpp.so" to ""
-- Up-to-date: /home/zhany/ROS/test_ws/install/temp_monitor_interfaces/include/temp_monitor_interfaces/temp_monitor_interfaces
-- Up-to-date: /home/zhany/ROS/test_ws/install/temp_monitor_interfaces/include/temp_monitor_interfaces/temp_monitor_interfaces/srv
-- Up-to-date: /home/zhany/ROS/test_ws/install/temp_monitor_interfaces/include/temp_monitor_interfaces/temp_monitor_interfaces/srv/detail
-- Installing: /home/zhany/ROS/test_ws/install/temp_monitor_interfaces/include/temp_monitor_interfaces/temp_monitor_interfaces/srv/detail/search__type_support.cpp
-- Installing: /home/zhany/ROS/test_ws/install/temp_monitor_interfaces/include/temp_monitor_interfaces/temp_monitor_interfaces/srv/detail/search__rosidl_typesupport_introspection_cpp.hpp
-- Installing: /home/zhany/ROS/test_ws/install/temp_monitor_interfaces/lib/libtemp_monitor_interfaces__rosidl_typesupport_introspection_cpp.so
-- Set non-toolchain portion of runtime path of "/home/zhany/ROS/test_ws/install/temp_monitor_interfaces/lib/libtemp_monitor_interfaces__rosidl_typesupport_introspection_cpp.so" to ""
-- Installing: /home/zhany/ROS/test_ws/install/temp_monitor_interfaces/lib/libtemp_monitor_interfaces__rosidl_typesupport_cpp.so
-- Set non-toolchain portion of runtime path of "/home/zhany/ROS/test_ws/install/temp_monitor_interfaces/lib/libtemp_monitor_interfaces__rosidl_typesupport_cpp.so" to ""
-- Installing: /home/zhany/ROS/test_ws/install/temp_monitor_interfaces/share/temp_monitor_interfaces/environment/pythonpath.sh
-- Installing: /home/zhany/ROS/test_ws/install/temp_monitor_interfaces/share/temp_monitor_interfaces/environment/pythonpath.dsv
-- Installing: /home/zhany/ROS/test_ws/install/temp_monitor_interfaces/lib/python3.14/site-packages/temp_monitor_interfaces/temp_monitor_interfaces_s__rosidl_typesupport_fastrtps_c.so
-- Set non-toolchain portion of runtime path of "/home/zhany/ROS/test_ws/install/temp_monitor_interfaces/lib/python3.14/site-packages/temp_monitor_interfaces/temp_monitor_interfaces_s__rosidl_typesupport_fastrtps_c.so" to ""
-- Installing: /home/zhany/ROS/test_ws/install/temp_monitor_interfaces/lib/python3.14/site-packages/temp_monitor_interfaces/temp_monitor_interfaces_s__rosidl_typesupport_introspection_c.so
-- Set non-toolchain portion of runtime path of "/home/zhany/ROS/test_ws/install/temp_monitor_interfaces/lib/python3.14/site-packages/temp_monitor_interfaces/temp_monitor_interfaces_s__rosidl_typesupport_introspection_c.so" to ""
-- Installing: /home/zhany/ROS/test_ws/install/temp_monitor_interfaces/lib/python3.14/site-packages/temp_monitor_interfaces/temp_monitor_interfaces_s__rosidl_typesupport_c.so
-- Set non-toolchain portion of runtime path of "/home/zhany/ROS/test_ws/install/temp_monitor_interfaces/lib/python3.14/site-packages/temp_monitor_interfaces/temp_monitor_interfaces_s__rosidl_typesupport_c.so" to ""
-- Installing: /home/zhany/ROS/test_ws/install/temp_monitor_interfaces/lib/libtemp_monitor_interfaces__rosidl_generator_py.so
-- Set non-toolchain portion of runtime path of "/home/zhany/ROS/test_ws/install/temp_monitor_interfaces/lib/libtemp_monitor_interfaces__rosidl_generator_py.so" to ""
-- Installing: /home/zhany/ROS/test_ws/install/temp_monitor_interfaces/share/ament_index/resource_index/rust_packages/temp_monitor_interfaces
-- Installing: /home/zhany/ROS/test_ws/install/temp_monitor_interfaces/share/temp_monitor_interfaces/rust
-- Installing: /home/zhany/ROS/test_ws/install/temp_monitor_interfaces/share/temp_monitor_interfaces/rust/Cargo.toml
-- Installing: /home/zhany/ROS/test_ws/install/temp_monitor_interfaces/share/temp_monitor_interfaces/rust/build.rs
-- Installing: /home/zhany/ROS/test_ws/install/temp_monitor_interfaces/share/temp_monitor_interfaces/rust/src
-- Installing: /home/zhany/ROS/test_ws/install/temp_monitor_interfaces/share/temp_monitor_interfaces/rust/src/srv.rs
-- Installing: /home/zhany/ROS/test_ws/install/temp_monitor_interfaces/share/temp_monitor_interfaces/rust/src/srv
-- Installing: /home/zhany/ROS/test_ws/install/temp_monitor_interfaces/share/temp_monitor_interfaces/rust/src/srv/rmw.rs
-- Installing: /home/zhany/ROS/test_ws/install/temp_monitor_interfaces/share/temp_monitor_interfaces/rust/src/lib.rs
-- Installing: /home/zhany/ROS/test_ws/install/temp_monitor_interfaces/share/temp_monitor_interfaces/srv/Search.idl
-- Installing: /home/zhany/ROS/test_ws/install/temp_monitor_interfaces/share/temp_monitor_interfaces/srv/Search.srv
-- Installing: /home/zhany/ROS/test_ws/install/temp_monitor_interfaces/share/ament_index/resource_index/package_run_dependencies/temp_monitor_interfaces
-- Installing: /home/zhany/ROS/test_ws/install/temp_monitor_interfaces/share/ament_index/resource_index/parent_prefix_path/temp_monitor_interfaces
-- Installing: /home/zhany/ROS/test_ws/install/temp_monitor_interfaces/share/temp_monitor_interfaces/environment/ament_prefix_path.sh
-- Installing: /home/zhany/ROS/test_ws/install/temp_monitor_interfaces/share/temp_monitor_interfaces/environment/ament_prefix_path.dsv
-- Installing: /home/zhany/ROS/test_ws/install/temp_monitor_interfaces/share/temp_monitor_interfaces/environment/path.sh
-- Installing: /home/zhany/ROS/test_ws/install/temp_monitor_interfaces/share/temp_monitor_interfaces/environment/path.dsv
-- Installing: /home/zhany/ROS/test_ws/install/temp_monitor_interfaces/share/temp_monitor_interfaces/local_setup.bash
-- Installing: /home/zhany/ROS/test_ws/install/temp_monitor_interfaces/share/temp_monitor_interfaces/local_setup.fish
-- Installing: /home/zhany/ROS/test_ws/install/temp_monitor_interfaces/share/temp_monitor_interfaces/local_setup.sh
-- Installing: /home/zhany/ROS/test_ws/install/temp_monitor_interfaces/share/temp_monitor_interfaces/local_setup.zsh
-- Installing: /home/zhany/ROS/test_ws/install/temp_monitor_interfaces/share/temp_monitor_interfaces/local_setup.dsv
-- Installing: /home/zhany/ROS/test_ws/install/temp_monitor_interfaces/share/temp_monitor_interfaces/package.dsv
-- Installing: /home/zhany/ROS/test_ws/install/temp_monitor_interfaces/share/ament_index/resource_index/packages/temp_monitor_interfaces
-- Installing: /home/zhany/ROS/test_ws/install/temp_monitor_interfaces/share/temp_monitor_interfaces/cmake/export_temp_monitor_interfaces__rosidl_generator_cExport.cmake
-- Installing: /home/zhany/ROS/test_ws/install/temp_monitor_interfaces/share/temp_monitor_interfaces/cmake/export_temp_monitor_interfaces__rosidl_generator_cExport-noconfig.cmake
-- Installing: /home/zhany/ROS/test_ws/install/temp_monitor_interfaces/share/temp_monitor_interfaces/cmake/export_temp_monitor_interfaces__rosidl_typesupport_fastrtps_cExport.cmake
-- Installing: /home/zhany/ROS/test_ws/install/temp_monitor_interfaces/share/temp_monitor_interfaces/cmake/export_temp_monitor_interfaces__rosidl_typesupport_fastrtps_cExport-noconfig.cmake
-- Installing: /home/zhany/ROS/test_ws/install/temp_monitor_interfaces/share/temp_monitor_interfaces/cmake/temp_monitor_interfaces__rosidl_typesupport_introspection_cExport.cmake
-- Installing: /home/zhany/ROS/test_ws/install/temp_monitor_interfaces/share/temp_monitor_interfaces/cmake/temp_monitor_interfaces__rosidl_typesupport_introspection_cExport-noconfig.cmake
-- Installing: /home/zhany/ROS/test_ws/install/temp_monitor_interfaces/share/temp_monitor_interfaces/cmake/temp_monitor_interfaces__rosidl_typesupport_cExport.cmake
-- Installing: /home/zhany/ROS/test_ws/install/temp_monitor_interfaces/share/temp_monitor_interfaces/cmake/temp_monitor_interfaces__rosidl_typesupport_cExport-noconfig.cmake
-- Installing: /home/zhany/ROS/test_ws/install/temp_monitor_interfaces/share/temp_monitor_interfaces/cmake/export_temp_monitor_interfaces__rosidl_generator_cppExport.cmake
-- Installing: /home/zhany/ROS/test_ws/install/temp_monitor_interfaces/share/temp_monitor_interfaces/cmake/export_temp_monitor_interfaces__rosidl_typesupport_fastrtps_cppExport.cmake
-- Installing: /home/zhany/ROS/test_ws/install/temp_monitor_interfaces/share/temp_monitor_interfaces/cmake/export_temp_monitor_interfaces__rosidl_typesupport_fastrtps_cppExport-noconfig.cmake
-- Installing: /home/zhany/ROS/test_ws/install/temp_monitor_interfaces/share/temp_monitor_interfaces/cmake/temp_monitor_interfaces__rosidl_typesupport_introspection_cppExport.cmake
-- Installing: /home/zhany/ROS/test_ws/install/temp_monitor_interfaces/share/temp_monitor_interfaces/cmake/temp_monitor_interfaces__rosidl_typesupport_introspection_cppExport-noconfig.cmake
-- Installing: /home/zhany/ROS/test_ws/install/temp_monitor_interfaces/share/temp_monitor_interfaces/cmake/temp_monitor_interfaces__rosidl_typesupport_cppExport.cmake
-- Installing: /home/zhany/ROS/test_ws/install/temp_monitor_interfaces/share/temp_monitor_interfaces/cmake/temp_monitor_interfaces__rosidl_typesupport_cppExport-noconfig.cmake
-- Installing: /home/zhany/ROS/test_ws/install/temp_monitor_interfaces/share/temp_monitor_interfaces/cmake/export_temp_monitor_interfaces__rosidl_generator_pyExport.cmake
-- Installing: /home/zhany/ROS/test_ws/install/temp_monitor_interfaces/share/temp_monitor_interfaces/cmake/export_temp_monitor_interfaces__rosidl_generator_pyExport-noconfig.cmake
-- Installing: /home/zhany/ROS/test_ws/install/temp_monitor_interfaces/lib/python3.14/site-packages/temp_monitor_interfaces-0.0.0-py3.14.egg-info
-- Installing: /home/zhany/ROS/test_ws/install/temp_monitor_interfaces/lib/python3.14/site-packages/temp_monitor_interfaces-0.0.0-py3.14.egg-info/dependency_links.txt
-- Installing: /home/zhany/ROS/test_ws/install/temp_monitor_interfaces/lib/python3.14/site-packages/temp_monitor_interfaces-0.0.0-py3.14.egg-info/PKG-INFO
-- Installing: /home/zhany/ROS/test_ws/install/temp_monitor_interfaces/lib/python3.14/site-packages/temp_monitor_interfaces-0.0.0-py3.14.egg-info/top_level.txt
-- Installing: /home/zhany/ROS/test_ws/install/temp_monitor_interfaces/lib/python3.14/site-packages/temp_monitor_interfaces-0.0.0-py3.14.egg-info/SOURCES.txt
-- Up-to-date: /home/zhany/ROS/test_ws/install/temp_monitor_interfaces/lib/python3.14/site-packages/temp_monitor_interfaces
-- Up-to-date: /home/zhany/ROS/test_ws/install/temp_monitor_interfaces/lib/python3.14/site-packages/temp_monitor_interfaces/temp_monitor_interfaces_s__rosidl_typesupport_introspection_c.so
-- Installing: /home/zhany/ROS/test_ws/install/temp_monitor_interfaces/lib/python3.14/site-packages/temp_monitor_interfaces/srv
-- Installing: /home/zhany/ROS/test_ws/install/temp_monitor_interfaces/lib/python3.14/site-packages/temp_monitor_interfaces/srv/_search.py
-- Installing: /home/zhany/ROS/test_ws/install/temp_monitor_interfaces/lib/python3.14/site-packages/temp_monitor_interfaces/srv/__init__.py
-- Installing: /home/zhany/ROS/test_ws/install/temp_monitor_interfaces/lib/python3.14/site-packages/temp_monitor_interfaces/srv/_search_s.c
-- Installing: /home/zhany/ROS/test_ws/install/temp_monitor_interfaces/lib/python3.14/site-packages/temp_monitor_interfaces/_temp_monitor_interfaces_s.ep.rosidl_typesupport_introspection_c.c
-- Installing: /home/zhany/ROS/test_ws/install/temp_monitor_interfaces/lib/python3.14/site-packages/temp_monitor_interfaces/__init__.py
-- Installing: /home/zhany/ROS/test_ws/install/temp_monitor_interfaces/lib/python3.14/site-packages/temp_monitor_interfaces/_temp_monitor_interfaces_s.ep.rosidl_typesupport_fastrtps_c.c
-- Installing: /home/zhany/ROS/test_ws/install/temp_monitor_interfaces/lib/python3.14/site-packages/temp_monitor_interfaces/_temp_monitor_interfaces_s.ep.rosidl_typesupport_c.c
-- Up-to-date: /home/zhany/ROS/test_ws/install/temp_monitor_interfaces/lib/python3.14/site-packages/temp_monitor_interfaces/temp_monitor_interfaces_s__rosidl_typesupport_c.so
-- Installing: /home/zhany/ROS/test_ws/install/temp_monitor_interfaces/lib/python3.14/site-packages/temp_monitor_interfaces/py.typed
-- Up-to-date: /home/zhany/ROS/test_ws/install/temp_monitor_interfaces/lib/python3.14/site-packages/temp_monitor_interfaces/temp_monitor_interfaces_s__rosidl_typesupport_fastrtps_c.so
Listing '/home/zhany/ROS/test_ws/install/temp_monitor_interfaces/lib/python3.14/site-packages/temp_monitor_interfaces'...
Compiling '/home/zhany/ROS/test_ws/install/temp_monitor_interfaces/lib/python3.14/site-packages/temp_monitor_interfaces/__init__.py'...
Listing '/home/zhany/ROS/test_ws/install/temp_monitor_interfaces/lib/python3.14/site-packages/temp_monitor_interfaces/srv'...
Compiling '/home/zhany/ROS/test_ws/install/temp_monitor_interfaces/lib/python3.14/site-packages/temp_monitor_interfaces/srv/__init__.py'...
Compiling '/home/zhany/ROS/test_ws/install/temp_monitor_interfaces/lib/python3.14/site-packages/temp_monitor_interfaces/srv/_search.py'...
-- Installing: /home/zhany/ROS/test_ws/install/temp_monitor_interfaces/share/temp_monitor_interfaces/cmake/rosidl_cmake-extras.cmake
-- Installing: /home/zhany/ROS/test_ws/install/temp_monitor_interfaces/share/temp_monitor_interfaces/cmake/ament_cmake_export_dependencies-extras.cmake
-- Installing: /home/zhany/ROS/test_ws/install/temp_monitor_interfaces/share/temp_monitor_interfaces/cmake/ament_cmake_export_include_directories-extras.cmake
-- Installing: /home/zhany/ROS/test_ws/install/temp_monitor_interfaces/share/temp_monitor_interfaces/cmake/ament_cmake_export_libraries-extras.cmake
-- Installing: /home/zhany/ROS/test_ws/install/temp_monitor_interfaces/share/temp_monitor_interfaces/cmake/ament_cmake_export_targets-extras.cmake
-- Installing: /home/zhany/ROS/test_ws/install/temp_monitor_interfaces/share/temp_monitor_interfaces/cmake/rosidl_cmake_export_typesupport_targets-extras.cmake
-- Installing: /home/zhany/ROS/test_ws/install/temp_monitor_interfaces/share/temp_monitor_interfaces/cmake/rosidl_cmake_export_typesupport_libraries-extras.cmake
-- Installing: /home/zhany/ROS/test_ws/install/temp_monitor_interfaces/share/temp_monitor_interfaces/cmake/rosidl_cmake_aggregate_target-extras.cmake
-- Installing: /home/zhany/ROS/test_ws/install/temp_monitor_interfaces/share/temp_monitor_interfaces/cmake/temp_monitor_interfacesConfig.cmake
-- Installing: /home/zhany/ROS/test_ws/install/temp_monitor_interfaces/share/temp_monitor_interfaces/cmake/temp_monitor_interfacesConfig-version.cmake
-- Installing: /home/zhany/ROS/test_ws/install/temp_monitor_interfaces/share/temp_monitor_interfaces/package.xml
