[  2%] Built target temp_monitor_interfaces__rosidl_generator_type_description
[  5%] Built target temp_monitor_interfaces__rs
[  8%] Built target temp_monitor_interfaces__cpp
[ 22%] Built target temp_monitor_interfaces__rosidl_generator_c
[ 48%] Built target temp_monitor_interfaces__rosidl_typesupport_introspection_cpp
[ 48%] Built target temp_monitor_interfaces__rosidl_typesupport_introspection_c
[ 48%] Built target temp_monitor_interfaces__rosidl_typesupport_fastrtps_cpp
[ 74%] Built target temp_monitor_interfaces__rosidl_typesupport_fastrtps_c
[ 74%] Built target temp_monitor_interfaces__rosidl_typesupport_cpp
[ 74%] Built target temp_monitor_interfaces__rosidl_typesupport_c
[ 74%] Built target temp_monitor_interfaces
[ 77%] Built target temp_monitor_interfaces__py
[ 82%] Built target temp_monitor_interfaces__rosidl_generator_py
[ 82%] Built target ament_cmake_python_sync_temp_monitor_interfaces
[ 88%] Built target temp_monitor_interfaces_s__rosidl_typesupport_fastrtps_c
[100%] Built target temp_monitor_interfaces_s__rosidl_typesupport_c
[100%] Built target temp_monitor_interfaces_s__rosidl_typesupport_introspection_c
running egg_info
writing temp_monitor_interfaces.egg-info/PKG-INFO
writing dependency_links to temp_monitor_interfaces.egg-info/dependency_links.txt
writing top-level names to temp_monitor_interfaces.egg-info/top_level.txt
reading manifest file 'temp_monitor_interfaces.egg-info/SOURCES.txt'
writing manifest file 'temp_monitor_interfaces.egg-info/SOURCES.txt'
[100%] Built target ament_cmake_python_build_temp_monitor_interfaces_egg
-- Install configuration: ""
-- Up-to-date: /home/zhany/ROS/test_ws/install/temp_monitor_interfaces/share/ament_index/resource_index/rosidl_interfaces/temp_monitor_interfaces
-- Up-to-date: /home/zhany/ROS/test_ws/install/temp_monitor_interfaces/share/temp_monitor_interfaces/srv/Search.json
-- Up-to-date: /home/zhany/ROS/test_ws/install/temp_monitor_interfaces/include/temp_monitor_interfaces/temp_monitor_interfaces
-- Up-to-date: /home/zhany/ROS/test_ws/install/temp_monitor_interfaces/include/temp_monitor_interfaces/temp_monitor_interfaces/srv
-- Up-to-date: /home/zhany/ROS/test_ws/install/temp_monitor_interfaces/include/temp_monitor_interfaces/temp_monitor_interfaces/srv/detail
-- Up-to-date: /home/zhany/ROS/test_ws/install/temp_monitor_interfaces/include/temp_monitor_interfaces/temp_monitor_interfaces/srv/detail/search__functions.h
-- Up-to-date: /home/zhany/ROS/test_ws/install/temp_monitor_interfaces/include/temp_monitor_interfaces/temp_monitor_interfaces/srv/detail/search__description.c
-- Up-to-date: /home/zhany/ROS/test_ws/install/temp_monitor_interfaces/include/temp_monitor_interfaces/temp_monitor_interfaces/srv/detail/search__type_support.h
-- Up-to-date: /home/zhany/ROS/test_ws/install/temp_monitor_interfaces/include/temp_monitor_interfaces/temp_monitor_interfaces/srv/detail/search__functions.c
-- Up-to-date: /home/zhany/ROS/test_ws/install/temp_monitor_interfaces/include/temp_monitor_interfaces/temp_monitor_interfaces/srv/detail/search__type_support.c
-- Up-to-date: /home/zhany/ROS/test_ws/install/temp_monitor_interfaces/include/temp_monitor_interfaces/temp_monitor_interfaces/srv/detail/search__struct.h
-- Up-to-date: /home/zhany/ROS/test_ws/install/temp_monitor_interfaces/include/temp_monitor_interfaces/temp_monitor_interfaces/srv/search.h
-- Up-to-date: /home/zhany/ROS/test_ws/install/temp_monitor_interfaces/include/temp_monitor_interfaces/temp_monitor_interfaces/msg
-- Up-to-date: /home/zhany/ROS/test_ws/install/temp_monitor_interfaces/include/temp_monitor_interfaces/temp_monitor_interfaces/msg/rosidl_generator_c__visibility_control.h
-- Up-to-date: /home/zhany/ROS/test_ws/install/temp_monitor_interfaces/share/temp_monitor_interfaces/environment/library_path.sh
-- Up-to-date: /home/zhany/ROS/test_ws/install/temp_monitor_interfaces/share/temp_monitor_interfaces/environment/library_path.dsv
-- Up-to-date: /home/zhany/ROS/test_ws/install/temp_monitor_interfaces/lib/libtemp_monitor_interfaces__rosidl_generator_c.so
-- Up-to-date: /home/zhany/ROS/test_ws/install/temp_monitor_interfaces/include/temp_monitor_interfaces/temp_monitor_interfaces
-- Up-to-date: /home/zhany/ROS/test_ws/install/temp_monitor_interfaces/include/temp_monitor_interfaces/temp_monitor_interfaces/srv
-- Up-to-date: /home/zhany/ROS/test_ws/install/temp_monitor_interfaces/include/temp_monitor_interfaces/temp_monitor_interfaces/srv/detail
-- Up-to-date: /home/zhany/ROS/test_ws/install/temp_monitor_interfaces/include/temp_monitor_interfaces/temp_monitor_interfaces/srv/detail/search__rosidl_typesupport_fastrtps_c.h
-- Up-to-date: /home/zhany/ROS/test_ws/install/temp_monitor_interfaces/include/temp_monitor_interfaces/temp_monitor_interfaces/msg
-- Up-to-date: /home/zhany/ROS/test_ws/install/temp_monitor_interfaces/include/temp_monitor_interfaces/temp_monitor_interfaces/msg/rosidl_typesupport_fastrtps_c__visibility_control.h
-- Up-to-date: /home/zhany/ROS/test_ws/install/temp_monitor_interfaces/lib/libtemp_monitor_interfaces__rosidl_typesupport_fastrtps_c.so
-- Up-to-date: /home/zhany/ROS/test_ws/install/temp_monitor_interfaces/include/temp_monitor_interfaces/temp_monitor_interfaces
-- Up-to-date: /home/zhany/ROS/test_ws/install/temp_monitor_interfaces/include/temp_monitor_interfaces/temp_monitor_interfaces/srv
-- Up-to-date: /home/zhany/ROS/test_ws/install/temp_monitor_interfaces/include/temp_monitor_interfaces/temp_monitor_interfaces/srv/detail
-- Up-to-date: /home/zhany/ROS/test_ws/install/temp_monitor_interfaces/include/temp_monitor_interfaces/temp_monitor_interfaces/srv/detail/search__rosidl_typesupport_introspection_c.h
-- Up-to-date: /home/zhany/ROS/test_ws/install/temp_monitor_interfaces/include/temp_monitor_interfaces/temp_monitor_interfaces/srv/detail/search__type_support.c
-- Up-to-date: /home/zhany/ROS/test_ws/install/temp_monitor_interfaces/include/temp_monitor_interfaces/temp_monitor_interfaces/msg
-- Up-to-date: /home/zhany/ROS/test_ws/install/temp_monitor_interfaces/include/temp_monitor_interfaces/temp_monitor_interfaces/msg/rosidl_typesupport_introspection_c__visibility_control.h
-- Up-to-date: /home/zhany/ROS/test_ws/install/temp_monitor_interfaces/lib/libtemp_monitor_interfaces__rosidl_typesupport_introspection_c.so
-- Up-to-date: /home/zhany/ROS/test_ws/install/temp_monitor_interfaces/lib/libtemp_monitor_interfaces__rosidl_typesupport_c.so
-- Up-to-date: /home/zhany/ROS/test_ws/install/temp_monitor_interfaces/include/temp_monitor_interfaces/temp_monitor_interfaces
-- Up-to-date: /home/zhany/ROS/test_ws/install/temp_monitor_interfaces/include/temp_monitor_interfaces/temp_monitor_interfaces/srv
-- Up-to-date: /home/zhany/ROS/test_ws/install/temp_monitor_interfaces/include/temp_monitor_interfaces/temp_monitor_interfaces/srv/detail
-- Up-to-date: /home/zhany/ROS/test_ws/install/temp_monitor_interfaces/include/temp_monitor_interfaces/temp_monitor_interfaces/srv/detail/search__type_support.hpp
-- Up-to-date: /home/zhany/ROS/test_ws/install/temp_monitor_interfaces/include/temp_monitor_interfaces/temp_monitor_interfaces/srv/detail/search__struct.hpp
-- Up-to-date: /home/zhany/ROS/test_ws/install/temp_monitor_interfaces/include/temp_monitor_interfaces/temp_monitor_interfaces/srv/detail/search__builder.hpp
-- Up-to-date: /home/zhany/ROS/test_ws/install/temp_monitor_interfaces/include/temp_monitor_interfaces/temp_monitor_interfaces/srv/detail/search__traits.hpp
-- Up-to-date: /home/zhany/ROS/test_ws/install/temp_monitor_interfaces/include/temp_monitor_interfaces/temp_monitor_interfaces/srv/search.hpp
-- Up-to-date: /home/zhany/ROS/test_ws/install/temp_monitor_interfaces/include/temp_monitor_interfaces/temp_monitor_interfaces/msg
-- Up-to-date: /home/zhany/ROS/test_ws/install/temp_monitor_interfaces/include/temp_monitor_interfaces/temp_monitor_interfaces/msg/rosidl_generator_cpp__visibility_control.hpp
-- Up-to-date: /home/zhany/ROS/test_ws/install/temp_monitor_interfaces/include/temp_monitor_interfaces/temp_monitor_interfaces
-- Up-to-date: /home/zhany/ROS/test_ws/install/temp_monitor_interfaces/include/temp_monitor_interfaces/temp_monitor_interfaces/srv
-- Up-to-date: /home/zhany/ROS/test_ws/install/temp_monitor_interfaces/include/temp_monitor_interfaces/temp_monitor_interfaces/srv/detail
-- Up-to-date: /home/zhany/ROS/test_ws/install/temp_monitor_interfaces/include/temp_monitor_interfaces/temp_monitor_interfaces/srv/detail/search__rosidl_typesupport_fastrtps_cpp.hpp
-- Up-to-date: /home/zhany/ROS/test_ws/install/temp_monitor_interfaces/include/temp_monitor_interfaces/temp_monitor_interfaces/srv/detail/dds_fastrtps
-- Up-to-date: /home/zhany/ROS/test_ws/install/temp_monitor_interfaces/include/temp_monitor_interfaces/temp_monitor_interfaces/msg
-- Up-to-date: /home/zhany/ROS/test_ws/install/temp_monitor_interfaces/include/temp_monitor_interfaces/temp_monitor_interfaces/msg/rosidl_typesupport_fastrtps_cpp__visibility_control.h
-- Up-to-date: /home/zhany/ROS/test_ws/install/temp_monitor_interfaces/lib/libtemp_monitor_interfaces__rosidl_typesupport_fastrtps_cpp.so
-- Up-to-date: /home/zhany/ROS/test_ws/install/temp_monitor_interfaces/include/temp_monitor_interfaces/temp_monitor_interfaces
-- Up-to-date: /home/zhany/ROS/test_ws/install/temp_monitor_interfaces/include/temp_monitor_interfaces/temp_monitor_interfaces/srv
-- Up-to-date: /home/zhany/ROS/test_ws/install/temp_monitor_interfaces/include/temp_monitor_interfaces/temp_monitor_interfaces/srv/detail
-- Up-to-date: /home/zhany/ROS/test_ws/install/temp_monitor_interfaces/include/temp_monitor_interfaces/temp_monitor_interfaces/srv/detail/search__type_support.cpp
-- Up-to-date: /home/zhany/ROS/test_ws/install/temp_monitor_interfaces/include/temp_monitor_interfaces/temp_monitor_interfaces/srv/detail/search__rosidl_typesupport_introspection_cpp.hpp
-- Up-to-date: /home/zhany/ROS/test_ws/install/temp_monitor_interfaces/lib/libtemp_monitor_interfaces__rosidl_typesupport_introspection_cpp.so
-- Up-to-date: /home/zhany/ROS/test_ws/install/temp_monitor_interfaces/lib/libtemp_monitor_interfaces__rosidl_typesupport_cpp.so
-- Up-to-date: /home/zhany/ROS/test_ws/install/temp_monitor_interfaces/share/temp_monitor_interfaces/environment/pythonpath.sh
-- Up-to-date: /home/zhany/ROS/test_ws/install/temp_monitor_interfaces/share/temp_monitor_interfaces/environment/pythonpath.dsv
-- Up-to-date: /home/zhany/ROS/test_ws/install/temp_monitor_interfaces/lib/python3.14/site-packages/temp_monitor_interfaces/temp_monitor_interfaces_s__rosidl_typesupport_fastrtps_c.so
-- Up-to-date: /home/zhany/ROS/test_ws/install/temp_monitor_interfaces/lib/python3.14/site-packages/temp_monitor_interfaces/temp_monitor_interfaces_s__rosidl_typesupport_introspection_c.so
-- Up-to-date: /home/zhany/ROS/test_ws/install/temp_monitor_interfaces/lib/python3.14/site-packages/temp_monitor_interfaces/temp_monitor_interfaces_s__rosidl_typesupport_c.so
-- Up-to-date: /home/zhany/ROS/test_ws/install/temp_monitor_interfaces/lib/libtemp_monitor_interfaces__rosidl_generator_py.so
-- Up-to-date: /home/zhany/ROS/test_ws/install/temp_monitor_interfaces/share/ament_index/resource_index/rust_packages/temp_monitor_interfaces
-- Up-to-date: /home/zhany/ROS/test_ws/install/temp_monitor_interfaces/share/temp_monitor_interfaces/rust
-- Up-to-date: /home/zhany/ROS/test_ws/install/temp_monitor_interfaces/share/temp_monitor_interfaces/rust/Cargo.toml
-- Up-to-date: /home/zhany/ROS/test_ws/install/temp_monitor_interfaces/share/temp_monitor_interfaces/rust/build.rs
-- Up-to-date: /home/zhany/ROS/test_ws/install/temp_monitor_interfaces/share/temp_monitor_interfaces/rust/src
-- Up-to-date: /home/zhany/ROS/test_ws/install/temp_monitor_interfaces/share/temp_monitor_interfaces/rust/src/srv.rs
-- Up-to-date: /home/zhany/ROS/test_ws/install/temp_monitor_interfaces/share/temp_monitor_interfaces/rust/src/srv
-- Up-to-date: /home/zhany/ROS/test_ws/install/temp_monitor_interfaces/share/temp_monitor_interfaces/rust/src/srv/rmw.rs
-- Up-to-date: /home/zhany/ROS/test_ws/install/temp_monitor_interfaces/share/temp_monitor_interfaces/rust/src/lib.rs
-- Up-to-date: /home/zhany/ROS/test_ws/install/temp_monitor_interfaces/share/temp_monitor_interfaces/srv/Search.idl
-- Up-to-date: /home/zhany/ROS/test_ws/install/temp_monitor_interfaces/share/temp_monitor_interfaces/srv/Search.srv
-- Up-to-date: /home/zhany/ROS/test_ws/install/temp_monitor_interfaces/share/ament_index/resource_index/package_run_dependencies/temp_monitor_interfaces
-- Up-to-date: /home/zhany/ROS/test_ws/install/temp_monitor_interfaces/share/ament_index/resource_index/parent_prefix_path/temp_monitor_interfaces
-- Up-to-date: /home/zhany/ROS/test_ws/install/temp_monitor_interfaces/share/temp_monitor_interfaces/environment/ament_prefix_path.sh
-- Up-to-date: /home/zhany/ROS/test_ws/install/temp_monitor_interfaces/share/temp_monitor_interfaces/environment/ament_prefix_path.dsv
-- Up-to-date: /home/zhany/ROS/test_ws/install/temp_monitor_interfaces/share/temp_monitor_interfaces/environment/path.sh
-- Up-to-date: /home/zhany/ROS/test_ws/install/temp_monitor_interfaces/share/temp_monitor_interfaces/environment/path.dsv
-- Up-to-date: /home/zhany/ROS/test_ws/install/temp_monitor_interfaces/share/temp_monitor_interfaces/local_setup.bash
-- Up-to-date: /home/zhany/ROS/test_ws/install/temp_monitor_interfaces/share/temp_monitor_interfaces/local_setup.fish
-- Up-to-date: /home/zhany/ROS/test_ws/install/temp_monitor_interfaces/share/temp_monitor_interfaces/local_setup.sh
-- Up-to-date: /home/zhany/ROS/test_ws/install/temp_monitor_interfaces/share/temp_monitor_interfaces/local_setup.zsh
-- Up-to-date: /home/zhany/ROS/test_ws/install/temp_monitor_interfaces/share/temp_monitor_interfaces/local_setup.dsv
-- Installing: /home/zhany/ROS/test_ws/install/temp_monitor_interfaces/share/temp_monitor_interfaces/package.dsv
-- Up-to-date: /home/zhany/ROS/test_ws/install/temp_monitor_interfaces/share/ament_index/resource_index/packages/temp_monitor_interfaces
-- Up-to-date: /home/zhany/ROS/test_ws/install/temp_monitor_interfaces/share/temp_monitor_interfaces/cmake/export_temp_monitor_interfaces__rosidl_generator_cExport.cmake
-- Up-to-date: /home/zhany/ROS/test_ws/install/temp_monitor_interfaces/share/temp_monitor_interfaces/cmake/export_temp_monitor_interfaces__rosidl_generator_cExport-noconfig.cmake
-- Up-to-date: /home/zhany/ROS/test_ws/install/temp_monitor_interfaces/share/temp_monitor_interfaces/cmake/export_temp_monitor_interfaces__rosidl_typesupport_fastrtps_cExport.cmake
-- Up-to-date: /home/zhany/ROS/test_ws/install/temp_monitor_interfaces/share/temp_monitor_interfaces/cmake/export_temp_monitor_interfaces__rosidl_typesupport_fastrtps_cExport-noconfig.cmake
-- Up-to-date: /home/zhany/ROS/test_ws/install/temp_monitor_interfaces/share/temp_monitor_interfaces/cmake/temp_monitor_interfaces__rosidl_typesupport_introspection_cExport.cmake
-- Up-to-date: /home/zhany/ROS/test_ws/install/temp_monitor_interfaces/share/temp_monitor_interfaces/cmake/temp_monitor_interfaces__rosidl_typesupport_introspection_cExport-noconfig.cmake
-- Up-to-date: /home/zhany/ROS/test_ws/install/temp_monitor_interfaces/share/temp_monitor_interfaces/cmake/temp_monitor_interfaces__rosidl_typesupport_cExport.cmake
-- Up-to-date: /home/zhany/ROS/test_ws/install/temp_monitor_interfaces/share/temp_monitor_interfaces/cmake/temp_monitor_interfaces__rosidl_typesupport_cExport-noconfig.cmake
-- Up-to-date: /home/zhany/ROS/test_ws/install/temp_monitor_interfaces/share/temp_monitor_interfaces/cmake/export_temp_monitor_interfaces__rosidl_generator_cppExport.cmake
-- Up-to-date: /home/zhany/ROS/test_ws/install/temp_monitor_interfaces/share/temp_monitor_interfaces/cmake/export_temp_monitor_interfaces__rosidl_typesupport_fastrtps_cppExport.cmake
-- Up-to-date: /home/zhany/ROS/test_ws/install/temp_monitor_interfaces/share/temp_monitor_interfaces/cmake/export_temp_monitor_interfaces__rosidl_typesupport_fastrtps_cppExport-noconfig.cmake
-- Up-to-date: /home/zhany/ROS/test_ws/install/temp_monitor_interfaces/share/temp_monitor_interfaces/cmake/temp_monitor_interfaces__rosidl_typesupport_introspection_cppExport.cmake
-- Up-to-date: /home/zhany/ROS/test_ws/install/temp_monitor_interfaces/share/temp_monitor_interfaces/cmake/temp_monitor_interfaces__rosidl_typesupport_introspection_cppExport-noconfig.cmake
-- Up-to-date: /home/zhany/ROS/test_ws/install/temp_monitor_interfaces/share/temp_monitor_interfaces/cmake/temp_monitor_interfaces__rosidl_typesupport_cppExport.cmake
-- Up-to-date: /home/zhany/ROS/test_ws/install/temp_monitor_interfaces/share/temp_monitor_interfaces/cmake/temp_monitor_interfaces__rosidl_typesupport_cppExport-noconfig.cmake
-- Up-to-date: /home/zhany/ROS/test_ws/install/temp_monitor_interfaces/share/temp_monitor_interfaces/cmake/export_temp_monitor_interfaces__rosidl_generator_pyExport.cmake
-- Up-to-date: /home/zhany/ROS/test_ws/install/temp_monitor_interfaces/share/temp_monitor_interfaces/cmake/export_temp_monitor_interfaces__rosidl_generator_pyExport-noconfig.cmake
-- Up-to-date: /home/zhany/ROS/test_ws/install/temp_monitor_interfaces/lib/python3.14/site-packages/temp_monitor_interfaces-0.0.0-py3.14.egg-info
-- Installing: /home/zhany/ROS/test_ws/install/temp_monitor_interfaces/lib/python3.14/site-packages/temp_monitor_interfaces-0.0.0-py3.14.egg-info/dependency_links.txt
-- Installing: /home/zhany/ROS/test_ws/install/temp_monitor_interfaces/lib/python3.14/site-packages/temp_monitor_interfaces-0.0.0-py3.14.egg-info/PKG-INFO
-- Installing: /home/zhany/ROS/test_ws/install/temp_monitor_interfaces/lib/python3.14/site-packages/temp_monitor_interfaces-0.0.0-py3.14.egg-info/top_level.txt
-- Installing: /home/zhany/ROS/test_ws/install/temp_monitor_interfaces/lib/python3.14/site-packages/temp_monitor_interfaces-0.0.0-py3.14.egg-info/SOURCES.txt
-- Up-to-date: /home/zhany/ROS/test_ws/install/temp_monitor_interfaces/lib/python3.14/site-packages/temp_monitor_interfaces
-- Up-to-date: /home/zhany/ROS/test_ws/install/temp_monitor_interfaces/lib/python3.14/site-packages/temp_monitor_interfaces/temp_monitor_interfaces_s__rosidl_typesupport_introspection_c.so
-- Up-to-date: /home/zhany/ROS/test_ws/install/temp_monitor_interfaces/lib/python3.14/site-packages/temp_monitor_interfaces/srv
-- Up-to-date: /home/zhany/ROS/test_ws/install/temp_monitor_interfaces/lib/python3.14/site-packages/temp_monitor_interfaces/srv/_search.py
-- Up-to-date: /home/zhany/ROS/test_ws/install/temp_monitor_interfaces/lib/python3.14/site-packages/temp_monitor_interfaces/srv/__init__.py
-- Up-to-date: /home/zhany/ROS/test_ws/install/temp_monitor_interfaces/lib/python3.14/site-packages/temp_monitor_interfaces/srv/_search_s.c
-- Up-to-date: /home/zhany/ROS/test_ws/install/temp_monitor_interfaces/lib/python3.14/site-packages/temp_monitor_interfaces/_temp_monitor_interfaces_s.ep.rosidl_typesupport_introspection_c.c
-- Up-to-date: /home/zhany/ROS/test_ws/install/temp_monitor_interfaces/lib/python3.14/site-packages/temp_monitor_interfaces/__init__.py
-- Up-to-date: /home/zhany/ROS/test_ws/install/temp_monitor_interfaces/lib/python3.14/site-packages/temp_monitor_interfaces/_temp_monitor_interfaces_s.ep.rosidl_typesupport_fastrtps_c.c
-- Up-to-date: /home/zhany/ROS/test_ws/install/temp_monitor_interfaces/lib/python3.14/site-packages/temp_monitor_interfaces/_temp_monitor_interfaces_s.ep.rosidl_typesupport_c.c
-- Up-to-date: /home/zhany/ROS/test_ws/install/temp_monitor_interfaces/lib/python3.14/site-packages/temp_monitor_interfaces/temp_monitor_interfaces_s__rosidl_typesupport_c.so
-- Up-to-date: /home/zhany/ROS/test_ws/install/temp_monitor_interfaces/lib/python3.14/site-packages/temp_monitor_interfaces/py.typed
-- Up-to-date: /home/zhany/ROS/test_ws/install/temp_monitor_interfaces/lib/python3.14/site-packages/temp_monitor_interfaces/temp_monitor_interfaces_s__rosidl_typesupport_fastrtps_c.so
Listing '/home/zhany/ROS/test_ws/install/temp_monitor_interfaces/lib/python3.14/site-packages/temp_monitor_interfaces'...
Listing '/home/zhany/ROS/test_ws/install/temp_monitor_interfaces/lib/python3.14/site-packages/temp_monitor_interfaces/srv'...
-- Up-to-date: /home/zhany/ROS/test_ws/install/temp_monitor_interfaces/share/temp_monitor_interfaces/cmake/rosidl_cmake-extras.cmake
-- Up-to-date: /home/zhany/ROS/test_ws/install/temp_monitor_interfaces/share/temp_monitor_interfaces/cmake/ament_cmake_export_dependencies-extras.cmake
-- Up-to-date: /home/zhany/ROS/test_ws/install/temp_monitor_interfaces/share/temp_monitor_interfaces/cmake/ament_cmake_export_include_directories-extras.cmake
-- Up-to-date: /home/zhany/ROS/test_ws/install/temp_monitor_interfaces/share/temp_monitor_interfaces/cmake/ament_cmake_export_libraries-extras.cmake
-- Up-to-date: /home/zhany/ROS/test_ws/install/temp_monitor_interfaces/share/temp_monitor_interfaces/cmake/ament_cmake_export_targets-extras.cmake
-- Up-to-date: /home/zhany/ROS/test_ws/install/temp_monitor_interfaces/share/temp_monitor_interfaces/cmake/rosidl_cmake_export_typesupport_targets-extras.cmake
-- Up-to-date: /home/zhany/ROS/test_ws/install/temp_monitor_interfaces/share/temp_monitor_interfaces/cmake/rosidl_cmake_export_typesupport_libraries-extras.cmake
-- Up-to-date: /home/zhany/ROS/test_ws/install/temp_monitor_interfaces/share/temp_monitor_interfaces/cmake/rosidl_cmake_aggregate_target-extras.cmake
-- Up-to-date: /home/zhany/ROS/test_ws/install/temp_monitor_interfaces/share/temp_monitor_interfaces/cmake/temp_monitor_interfacesConfig.cmake
-- Up-to-date: /home/zhany/ROS/test_ws/install/temp_monitor_interfaces/share/temp_monitor_interfaces/cmake/temp_monitor_interfacesConfig-version.cmake
-- Up-to-date: /home/zhany/ROS/test_ws/install/temp_monitor_interfaces/share/temp_monitor_interfaces/package.xml
